
> marketx-backend@0.0.1 build
> nest build

[96msrc/inventory/inventory.service.ts[0m:[93m61[0m:[93m20[0m - [91merror[0m[90m TS2339: [0mProperty 'notifyLowStock' does not exist on type 'InventoryService'.

[7m61[0m         await this.notifyLowStock(listing);
[7m  [0m [91m                   ~~~~~~~~~~~~~~[0m
[96msrc/inventory/inventory.service.ts[0m:[93m103[0m:[93m17[0m - [91merror[0m[90m TS2339: [0mProperty 'connection' does not exist on type 'InventoryService'.

[7m103[0m     return this.connection.transaction(async manager => {
[7m   [0m [91m                ~~~~~~~~~~[0m
[96msrc/inventory/inventory.service.ts[0m:[93m135[0m:[93m17[0m - [91merror[0m[90m TS2339: [0mProperty 'connection' does not exist on type 'InventoryService'.

[7m135[0m     return this.connection.transaction(async manager => {
[7m   [0m [91m                ~~~~~~~~~~[0m
[96msrc/inventory/inventory.service.ts[0m:[93m161[0m:[93m22[0m - [91merror[0m[90m TS2339: [0mProperty 'notifyLowStock' does not exist on type 'InventoryService'.

[7m161[0m           await this.notifyLowStock(listing);
[7m   [0m [91m                     ~~~~~~~~~~~~~~[0m
[96msrc/inventory/inventory.service.ts[0m:[93m171[0m:[93m17[0m - [91merror[0m[90m TS2339: [0mProperty 'connection' does not exist on type 'InventoryService'.

[7m171[0m     return this.connection.transaction(async manager => {
[7m   [0m [91m                ~~~~~~~~~~[0m
[96msrc/inventory/inventory.service.ts[0m:[93m201[0m:[93m17[0m - [91merror[0m[90m TS2339: [0mProperty 'connection' does not exist on type 'InventoryService'.

[7m201[0m     return this.connection.transaction(async manager => {
[7m   [0m [91m                ~~~~~~~~~~[0m
[96msrc/inventory/inventory.service.ts[0m:[93m225[0m:[93m22[0m - [91merror[0m[90m TS2339: [0mProperty 'notifyLowStock' does not exist on type 'InventoryService'.

[7m225[0m           await this.notifyLowStock(listing);
[7m   [0m [91m                     ~~~~~~~~~~~~~~[0m
[96msrc/recommendation/recommendation.service.ts[0m:[93m362[0m:[93m8[0m - [91merror[0m[90m TS2339: [0mProperty 'getRaw' does not exist on type 'SelectQueryBuilder<PurchaseHistory>'.

[7m362[0m       .getRaw();
[7m   [0m [91m       ~~~~~~[0m
[96msrc/recommendation/recommendation.service.ts[0m:[93m420[0m:[93m8[0m - [91merror[0m[90m TS2339: [0mProperty 'getRaw' does not exist on type 'SelectQueryBuilder<PurchaseHistory>'.

[7m420[0m       .getRaw();
[7m   [0m [91m       ~~~~~~[0m
[96msrc/refunds/entities/refund.entity.ts[0m:[93m11[0m:[93m22[0m - [91merror[0m[90m TS2307: [0mCannot find module '../../users/entities/user.entity' or its corresponding type declarations.

[7m11[0m import { User } from '../../users/entities/user.entity';
[7m  [0m [91m                     ~~~~~~~~~~~~~~~~~~~~~~~~~~~~~~~~~~[0m
[96msrc/refunds/refunds.controller.ts[0m:[93m46[0m:[93m32[0m - [91merror[0m[90m TS2551: [0mProperty 'getReturnRequests' does not exist on type 'RefundsService'. Did you mean 'createReturnRequest'?

[7m46[0m     return this.refundsService.getReturnRequests(query);
[7m  [0m [91m                               ~~~~~~~~~~~~~~~~~[0m

  [96msrc/refunds/refunds.service.ts[0m:[93m48[0m:[93m9[0m
    [7m48[0m   async createReturnRequest(
    [7m  [0m [96m        ~~~~~~~~~~~~~~~~~~~[0m
    'createReturnRequest' is declared here.
[96msrc/refunds/refunds.controller.ts[0m:[93m55[0m:[93m32[0m - [91merror[0m[90m TS2551: [0mProperty 'getReturnRequest' does not exist on type 'RefundsService'. Did you mean 'createReturnRequest'?

[7m55[0m     return this.refundsService.getReturnRequest(id);
[7m  [0m [91m                               ~~~~~~~~~~~~~~~~[0m

  [96msrc/refunds/refunds.service.ts[0m:[93m48[0m:[93m9[0m
    [7m48[0m   async createReturnRequest(
    [7m  [0m [96m        ~~~~~~~~~~~~~~~~~~~[0m
    'createReturnRequest' is declared here.
[96msrc/refunds/refunds.controller.ts[0m:[93m68[0m:[93m32[0m - [91merror[0m[90m TS2551: [0mProperty 'cancelReturnRequest' does not exist on type 'RefundsService'. Did you mean 'createReturnRequest'?

[7m68[0m     return this.refundsService.cancelReturnRequest(id, req.user.id);
[7m  [0m [91m                               ~~~~~~~~~~~~~~~~~~~[0m

  [96msrc/refunds/refunds.service.ts[0m:[93m48[0m:[93m9[0m
    [7m48[0m   async createReturnRequest(
    [7m  [0m [96m        ~~~~~~~~~~~~~~~~~~~[0m
    'createReturnRequest' is declared here.
[96msrc/refunds/refunds.controller.ts[0m:[93m100[0m:[93m32[0m - [91merror[0m[90m TS2339: [0mProperty 'processRefund' does not exist on type 'RefundsService'.

[7m100[0m     return this.refundsService.processRefund(dto);
[7m   [0m [91m                               ~~~~~~~~~~~~~[0m
[96msrc/refunds/refunds.controller.ts[0m:[93m111[0m:[93m32[0m - [91merror[0m[90m TS2339: [0mProperty 'getRefundHistoryByOrder' does not exist on type 'RefundsService'.

[7m111[0m     return this.refundsService.getRefundHistoryByOrder(
[7m   [0m [91m                               ~~~~~~~~~~~~~~~~~~~~~~~[0m
[96msrc/refunds/refunds.controller.ts[0m:[93m127[0m:[93m32[0m - [91merror[0m[90m TS2339: [0mProperty 'getAllRefundHistory' does not exist on type 'RefundsService'.

[7m127[0m     return this.refundsService.getAllRefundHistory(
[7m   [0m [91m                               ~~~~~~~~~~~~~~~~~~~[0m
[96msrc/refunds/refunds.module.ts[0m:[93m5[0m:[93m10[0m - [91merror[0m[90m TS2300: [0mDuplicate identifier 'RefundsController'.

[7m5[0m import { RefundsController } from './refunds.controller';
[7m [0m [91m         ~~~~~~~~~~~~~~~~~[0m
[96msrc/refunds/refunds.module.ts[0m:[93m10[0m:[93m10[0m - [91merror[0m[90m TS2300: [0mDuplicate identifier 'RefundsController'.

[7m10[0m import { RefundsController } from './refunds.controller';
[7m  [0m [91m         ~~~~~~~~~~~~~~~~~[0m
[96msrc/refunds/refunds.service.ts[0m:[93m205[0m:[93m26[0m - [91merror[0m[90m TS18048: [0m'returnRequest.requestedAmount' is possibly 'undefined'.

[7m205[0m         approvedAmount > returnRequest.requestedAmount
[7m   [0m [91m                         ~~~~~~~~~~~~~~~~~~~~~~~~~~~~~[0m

Found 19 error(s).

