
> marketx-backend@0.0.1 test
> jest

FAIL src/notifications/tests/notifications.service.spec.ts
  ● Test suite failed to run

    [96msrc/notifications/tests/notifications.service.spec.ts[0m:[93m110[0m:[93m21[0m - [91merror[0m[90m TS2339: [0mProperty 'title' does not exist on type 'NotificationEntity | NotificationEntity[]'.
      Property 'title' does not exist on type 'NotificationEntity[]'.

    [7m110[0m       expect(result.title).toBe('Transaction Received');
    [7m   [0m [91m                    ~~~~~[0m
    [96msrc/notifications/tests/notifications.service.spec.ts[0m:[93m111[0m:[93m21[0m - [91merror[0m[90m TS2339: [0mProperty 'message' does not exist on type 'NotificationEntity | NotificationEntity[]'.
      Property 'message' does not exist on type 'NotificationEntity[]'.

    [7m111[0m       expect(result.message).toBe('You received USD 100.50');
    [7m   [0m [91m                    ~~~~~~~[0m
    [96msrc/notifications/tests/notifications.service.spec.ts[0m:[93m112[0m:[93m21[0m - [91merror[0m[90m TS2339: [0mProperty 'type' does not exist on type 'NotificationEntity | NotificationEntity[]'.
      Property 'type' does not exist on type 'NotificationEntity[]'.

    [7m112[0m       expect(result.type).toBe(NotificationType.TRANSACTION_RECEIVED);
    [7m   [0m [91m                    ~~~~[0m
    [96msrc/notifications/tests/notifications.service.spec.ts[0m:[93m113[0m:[93m21[0m - [91merror[0m[90m TS2339: [0mProperty 'priority' does not exist on type 'NotificationEntity | NotificationEntity[]'.
      Property 'priority' does not exist on type 'NotificationEntity[]'.

    [7m113[0m       expect(result.priority).toBe(NotificationPriority.HIGH);
    [7m   [0m [91m                    ~~~~~~~~[0m
    [96msrc/notifications/tests/notifications.service.spec.ts[0m:[93m133[0m:[93m21[0m - [91merror[0m[90m TS2339: [0mProperty 'notifications' does not exist on type '{ items: NotificationEntity[]; total: number; page: any; limit: any; totalPages: number; }'.

    [7m133[0m       expect(result.notifications).toEqual(mockNotifications);
    [7m   [0m [91m                    ~~~~~~~~~~~~~[0m
    [96msrc/notifications/tests/notifications.service.spec.ts[0m:[93m135[0m:[93m21[0m - [91merror[0m[90m TS2339: [0mProperty 'unreadCount' does not exist on type '{ items: NotificationEntity[]; total: number; page: any; limit: any; totalPages: number; }'.

    [7m135[0m       expect(result.unreadCount).toBe(1);
    [7m   [0m [91m                    ~~~~~~~~~~~[0m

FAIL src/profile/user.controller.spec.ts
  ● Test suite failed to run

    [96msrc/profile/user.controller.spec.ts[0m:[93m2[0m:[93m33[0m - [91merror[0m[90m TS2307: [0mCannot find module '../users.controller' or its corresponding type declarations.

    [7m2[0m import { UsersController } from '../users.controller';
    [7m [0m [91m                                ~~~~~~~~~~~~~~~~~~~~~[0m
    [96msrc/profile/user.controller.spec.ts[0m:[93m3[0m:[93m30[0m - [91merror[0m[90m TS2307: [0mCannot find module '../users.service' or its corresponding type declarations.

    [7m3[0m import { UsersService } from '../users.service';
    [7m [0m [91m                             ~~~~~~~~~~~~~~~~~~[0m
    [96msrc/profile/user.controller.spec.ts[0m:[93m4[0m:[93m10[0m - [91merror[0m[90m TS2305: [0mModule '"../entities/user.entity"' has no exported member 'ProfileVisibility'.

    [7m4[0m import { ProfileVisibility } from '../entities/user.entity';
    [7m [0m [91m         ~~~~~~~~~~~~~~~~~[0m
    [96msrc/profile/user.controller.spec.ts[0m:[93m5[0m:[93m34[0m - [91merror[0m[90m TS2307: [0mCannot find module '../dto/update-profile.dto' or its corresponding type declarations.

    [7m5[0m import { UpdateProfileDto } from '../dto/update-profile.dto';
    [7m [0m [91m                                 ~~~~~~~~~~~~~~~~~~~~~~~~~~~[0m
    [96msrc/profile/user.controller.spec.ts[0m:[93m6[0m:[93m36[0m - [91merror[0m[90m TS2307: [0mCannot find module '../dto/profile-response.dto' or its corresponding type declarations.

    [7m6[0m import { ProfileResponseDto } from '../dto/profile-response.dto';
    [7m [0m [91m                                   ~~~~~~~~~~~~~~~~~~~~~~~~~~~~~[0m
    [96msrc/profile/user.controller.spec.ts[0m:[93m7[0m:[93m34[0m - [91merror[0m[90m TS2307: [0mCannot find module '../dto/public-profile.dto' or its corresponding type declarations.

    [7m7[0m import { PublicProfileDto } from '../dto/public-profile.dto';
    [7m [0m [91m                                 ~~~~~~~~~~~~~~~~~~~~~~~~~~~[0m

FAIL src/favorites/favorites.service.spec.ts
  ● Test suite failed to run

    [96msrc/favorites/favorites.service.spec.ts[0m:[93m6[0m:[93m25[0m - [91merror[0m[90m TS2307: [0mCannot find module '../listings/listing.entity' or its corresponding type declarations.

    [7m6[0m import { Listing } from '../listings/listing.entity';
    [7m [0m [91m                        ~~~~~~~~~~~~~~~~~~~~~~~~~~~~[0m
    [96msrc/favorites/favorites.service.spec.ts[0m:[93m60[0m:[93m28[0m - [91merror[0m[90m TS2345: [0mArgument of type '{ favoriteListings: never[]; id: number; email: string; }' is not assignable to parameter of type 'Users | Promise<Users | null> | null'.
      Type '{ favoriteListings: never[]; id: number; email: string; }' is missing the following properties from type 'Users': password, name, bio, avatarUrl, and 16 more.

    [7m60[0m         .mockResolvedValue(userWithFavorites);
    [7m  [0m [91m                           ~~~~~~~~~~~~~~~~~[0m
    [96msrc/favorites/favorites.service.spec.ts[0m:[93m68[0m:[93m40[0m - [91merror[0m[90m TS2345: [0mArgument of type 'number' is not assignable to parameter of type 'string'.

    [7m68[0m       await service.favoriteListing(1, 1);
    [7m  [0m [91m                                       ~[0m
    [96msrc/favorites/favorites.service.spec.ts[0m:[93m83[0m:[93m47[0m - [91merror[0m[90m TS2345: [0mArgument of type 'number' is not assignable to parameter of type 'string'.

    [7m83[0m       await expect(service.favoriteListing(1, 1)).rejects.toThrow(
    [7m  [0m [91m                                              ~[0m
    [96msrc/favorites/favorites.service.spec.ts[0m:[93m94[0m:[93m47[0m - [91merror[0m[90m TS2345: [0mArgument of type 'number' is not assignable to parameter of type 'string'.

    [7m94[0m       await expect(service.favoriteListing(1, 1)).rejects.toThrow(
    [7m  [0m [91m                                              ~[0m
    [96msrc/favorites/favorites.service.spec.ts[0m:[93m112[0m:[93m47[0m - [91merror[0m[90m TS2345: [0mArgument of type 'number' is not assignable to parameter of type 'string'.

    [7m112[0m       await expect(service.favoriteListing(1, 1)).rejects.toThrow(
    [7m   [0m [91m                                              ~[0m
    [96msrc/favorites/favorites.service.spec.ts[0m:[93m132[0m:[93m42[0m - [91merror[0m[90m TS2345: [0mArgument of type 'number' is not assignable to parameter of type 'string'.

    [7m132[0m       await service.unfavoriteListing(1, 1);
    [7m   [0m [91m                                         ~[0m
    [96msrc/favorites/favorites.service.spec.ts[0m:[93m140[0m:[93m49[0m - [91merror[0m[90m TS2345: [0mArgument of type 'number' is not assignable to parameter of type 'string'.

    [7m140[0m       await expect(service.unfavoriteListing(1, 1)).rejects.toThrow(
    [7m   [0m [91m                                                ~[0m
    [96msrc/favorites/favorites.service.spec.ts[0m:[93m152[0m:[93m49[0m - [91merror[0m[90m TS2345: [0mArgument of type 'number' is not assignable to parameter of type 'string'.

    [7m152[0m       await expect(service.unfavoriteListing(1, 1)).rejects.toThrow(
    [7m   [0m [91m                                                ~[0m

FAIL src/profile/user.service.spec.ts
  ● Test suite failed to run

    [96msrc/profile/user.service.spec.ts[0m:[93m9[0m:[93m30[0m - [91merror[0m[90m TS2307: [0mCannot find module '../users.service' or its corresponding type declarations.

    [7m9[0m import { UsersService } from '../users.service';
    [7m [0m [91m                             ~~~~~~~~~~~~~~~~~~[0m
    [96msrc/profile/user.service.spec.ts[0m:[93m10[0m:[93m16[0m - [91merror[0m[90m TS2305: [0mModule '"../entities/user.entity"' has no exported member 'ProfileVisibility'.

    [7m10[0m import { User, ProfileVisibility } from '../entities/user.entity';
    [7m  [0m [91m               ~~~~~~~~~~~~~~~~~[0m
    [96msrc/profile/user.service.spec.ts[0m:[93m11[0m:[93m34[0m - [91merror[0m[90m TS2307: [0mCannot find module '../dto/update-profile.dto' or its corresponding type declarations.

    [7m11[0m import { UpdateProfileDto } from '../dto/update-profile.dto';
    [7m  [0m [91m                                 ~~~~~~~~~~~~~~~~~~~~~~~~~~~[0m
    [96msrc/profile/user.service.spec.ts[0m:[93m24[0m:[93m5[0m - [91merror[0m[90m TS2353: [0mObject literal may only specify known properties, and 'profileImageUrl' does not exist in type 'User'.

    [7m24[0m     profileImageUrl: 'https://example.com/profile.jpg',
    [7m  [0m [91m    ~~~~~~~~~~~~~~~[0m

FAIL src/guards/__tests__/admin.guard.spec.ts
  ● Test suite failed to run

    [96msrc/guards/__tests__/admin.guard.spec.ts[0m:[93m28[0m:[93m12[0m - [91merror[0m[90m TS2352: [0mConversion of type '{ switchToHttp: () => { getRequest: () => { user: any; }; getResponse: () => {}; getNext: () => jest.Mock<any, any, any>; }; getHandler: () => jest.Mock<any, any, any>; getClass: () => jest.Mock<any, any, any>; ... 4 more ...; getType: () => "http"; }' to type 'ExecutionContext' may be a mistake because neither type sufficiently overlaps with the other. If this was intentional, convert the expression to 'unknown' first.
      The types returned by 'switchToWs()' are incompatible between these types.
        Property 'getPattern' is missing in type '{ getData: () => {}; getClient: () => {}; }' but required in type 'WsArgumentsHost'.

    [7m 28[0m     return {
    [7m   [0m [91m           ~[0m
    [7m 29[0m       switchToHttp: () => ({
    [7m   [0m [91m~~~~~~~~~~~~~~~~~~~~~~~~~~~~[0m
    [7m...[0m 
    [7m 46[0m       getType: () => 'http',
    [7m   [0m [91m~~~~~~~~~~~~~~~~~~~~~~~~~~~~[0m
    [7m 47[0m     } as ExecutionContext;
    [7m   [0m [91m~~~~~~~~~~~~~~~~~~~~~~~~~[0m

      [96mnode_modules/@nestjs/common/interfaces/features/arguments-host.interface.d.ts[0m:[93m35[0m:[93m5[0m
        [7m35[0m     getPattern(): string;
        [7m  [0m [96m    ~~~~~~~~~~~~~~~~~~~~~[0m
        'getPattern' is declared here.

[31m[Nest] 62633  - [39m03/21/2026, 10:10:02 PM [31m  ERROR[39m [38;5;3m[RateLimitGuard] [39m[31mRate limit guard error:[39m
[31m[Nest] 62633  - [39m03/21/2026, 10:10:02 PM [31m  ERROR[39m [38;5;3m[RateLimitGuard] [39mError: Unexpected error
    at Object.<anonymous> [90m(/Users/m-agbe/Desktop/onlydust/MarketX-backend/[39msrc/guards/tests/rate-limit.guard.spec.ts:345:55[90m)[39m
    at Promise.then.completed [90m(/Users/m-agbe/Desktop/onlydust/MarketX-backend/[39mnode_modules/[4mjest-circus[24m/build/utils.js:298:28[90m)[39m
    at new Promise (<anonymous>)
    at callAsyncCircusFn [90m(/Users/m-agbe/Desktop/onlydust/MarketX-backend/[39mnode_modules/[4mjest-circus[24m/build/utils.js:231:10[90m)[39m
    at _callCircusTest [90m(/Users/m-agbe/Desktop/onlydust/MarketX-backend/[39mnode_modules/[4mjest-circus[24m/build/run.js:316:40[90m)[39m
[90m    at processTicksAndRejections (node:internal/process/task_queues:105:5)[39m
    at _runTest [90m(/Users/m-agbe/Desktop/onlydust/MarketX-backend/[39mnode_modules/[4mjest-circus[24m/build/run.js:252:3[90m)[39m
    at _runTestsForDescribeBlock [90m(/Users/m-agbe/Desktop/onlydust/MarketX-backend/[39mnode_modules/[4mjest-circus[24m/build/run.js:126:9[90m)[39m
    at _runTestsForDescribeBlock [90m(/Users/m-agbe/Desktop/onlydust/MarketX-backend/[39mnode_modules/[4mjest-circus[24m/build/run.js:121:9[90m)[39m
    at run [90m(/Users/m-agbe/Desktop/onlydust/MarketX-backend/[39mnode_modules/[4mjest-circus[24m/build/run.js:71:3[90m)[39m
    at runAndTransformResultsToJestFormat [90m(/Users/m-agbe/Desktop/onlydust/MarketX-backend/[39mnode_modules/[4mjest-circus[24m/build/legacy-code-todo-rewrite/jestAdapterInit.js:122:21[90m)[39m
    at jestAdapter [90m(/Users/m-agbe/Desktop/onlydust/MarketX-backend/[39mnode_modules/[4mjest-circus[24m/build/legacy-code-todo-rewrite/jestAdapter.js:79:19[90m)[39m
    at runTestInternal [90m(/Users/m-agbe/Desktop/onlydust/MarketX-backend/[39mnode_modules/[4mjest-runner[24m/build/runTest.js:367:16[90m)[39m
    at runTest [90m(/Users/m-agbe/Desktop/onlydust/MarketX-backend/[39mnode_modules/[4mjest-runner[24m/build/runTest.js:444:34[90m)[39m
    at Object.worker [90m(/Users/m-agbe/Desktop/onlydust/MarketX-backend/[39mnode_modules/[4mjest-runner[24m/build/testWorker.js:106:12[90m)[39m
PASS src/guards/tests/rate-limit.guard.spec.ts (12.176 s)
PASS src/common/logger/logger.service.spec.ts (12.383 s)
  ● Console

    console.log
      2026-03-21 22:10:02 [[32MINFO[39M] Test message {"service":"marketx-api","context":{"context":"test"}}

      at Console.log (../node_modules/winston/lib/winston/transports/console.js:87:23)

    console.log
      2026-03-21 22:10:02 [[31MERROR[39M] Error occurred {"service":"marketx-api","context":{"context":"test"},"stack":"Error: Test error\n    at Object.<anonymous> (/Users/m-agbe/Desktop/onlydust/MarketX-backend/src/common/logger/logger.service.spec.ts:30:21)\n    at Promise.then.completed (/Users/m-agbe/Desktop/onlydust/MarketX-backend/node_modules/jest-circus/build/utils.js:298:28)\n    at new Promise (<anonymous>)\n    at callAsyncCircusFn (/Users/m-agbe/Desktop/onlydust/MarketX-backend/node_modules/jest-circus/build/utils.js:231:10)\n    at _callCircusTest (/Users/m-agbe/Desktop/onlydust/MarketX-backend/node_modules/jest-circus/build/run.js:316:40)\n    at processTicksAndRejections (node:internal/process/task_queues:105:5)\n    at _runTest (/Users/m-agbe/Desktop/onlydust/MarketX-backend/node_modules/jest-circus/build/run.js:252:3)\n    at _runTestsForDescribeBlock (/Users/m-agbe/Desktop/onlydust/MarketX-backend/node_modules/jest-circus/build/run.js:126:9)\n    at _runTestsForDescribeBlock (/Users/m-agbe/Desktop/onlydust/MarketX-backend/node_modules/jest-circus/build/run.js:121:9)\n    at _runTestsForDescribeBlock (/Users/m-agbe/Desktop/onlydust/MarketX-backend/node_modules/jest-circus/build/run.js:121:9)\n    at run (/Users/m-agbe/Desktop/onlydust/MarketX-backend/node_modules/jest-circus/build/run.js:71:3)\n    at runAndTransformResultsToJestFormat (/Users/m-agbe/Desktop/onlydust/MarketX-backend/node_modules/jest-circus/build/legacy-code-todo-rewrite/jestAdapterInit.js:122:21)\n    at jestAdapter (/Users/m-agbe/Desktop/onlydust/MarketX-backend/node_modules/jest-circus/build/legacy-code-todo-rewrite/jestAdapter.js:79:19)\n    at runTestInternal (/Users/m-agbe/Desktop/onlydust/MarketX-backend/node_modules/jest-runner/build/runTest.js:367:16)\n    at runTest (/Users/m-agbe/Desktop/onlydust/MarketX-backend/node_modules/jest-runner/build/runTest.js:444:34)\n    at Object.worker (/Users/m-agbe/Desktop/onlydust/MarketX-backend/node_modules/jest-runner/build/testWorker.js:106:12)","errorMessage":"Test error"}

      at Console.log (../node_modules/winston/lib/winston/transports/console.js:87:23)

    console.log
      2026-03-21 22:10:02 [[33MWARN[39M] Warning message {"service":"marketx-api","context":{"context":"test"}}

      at Console.log (../node_modules/winston/lib/winston/transports/console.js:87:23)

    console.log
      2026-03-21 22:10:02 [[32MINFO[39M] User data {"service":"marketx-api","context":{"email":"user@example.com","password":"***REDACTED***"}}

      at Console.log (../node_modules/winston/lib/winston/transports/console.js:87:23)

    console.log
      2026-03-21 22:10:02 [[32MINFO[39M] API data {"service":"marketx-api","context":{"endpoint":"https://api.example.com","apiKey":"***REDACTED***"}}

      at Console.log (../node_modules/winston/lib/winston/transports/console.js:87:23)

    console.log
      2026-03-21 22:10:02 [[32MINFO[39M] Auth data {"service":"marketx-api","context":{"userId":"user123","token":"***REDACTED***"}}

      at Console.log (../node_modules/winston/lib/winston/transports/console.js:87:23)

    console.log
      2026-03-21 22:10:02 [[32MINFO[39M] Payment data {"service":"marketx-api","context":{"amount":99.99,"creditCard":"***REDACTED***"}}

      at Console.log (../node_modules/winston/lib/winston/transports/console.js:87:23)

    console.log
      2026-03-21 22:10:02 [[32MINFO[39M] Complex data {"service":"marketx-api","context":{"email":"user@example.com","credentials":{"password":"***REDACTED***","apiKey":"***REDACTED***"}}}

      at Console.log (../node_modules/winston/lib/winston/transports/console.js:87:23)

    console.log
      2026-03-21 22:10:02 [[32MINFO[39M] Users list {"service":"marketx-api","context":[{"id":"1","password":"***REDACTED***"},{"id":"2","password":"***REDACTED***"}]}

      at Console.log (../node_modules/winston/lib/winston/transports/console.js:87:23)

    console.log
      2026-03-21 22:10:02 [[32MINFO[39M] Incoming Request {"service":"marketx-api","context":{"method":"GET","url":"/api/users","query":{"page":1},"body":null,"ip":"127.0.0.1"}}

      at Console.log (../node_modules/winston/lib/winston/transports/console.js:87:23)

    console.log
      2026-03-21 22:10:02 [[32MINFO[39M] Outgoing Response {"service":"marketx-api","context":{"method":"GET","url":"/api/users","statusCode":200,"responseTime":"45ms","userId":"user123"}}

      at Console.log (../node_modules/winston/lib/winston/transports/console.js:87:23)

    console.log
      2026-03-21 22:10:02 [[32MINFO[39M] Performance Metrics: Database query {"service":"marketx-api","duration":"250ms","slow":false,"query":"SELECT *"}

      at Console.log (../node_modules/winston/lib/winston/transports/console.js:87:23)

    console.log
      2026-03-21 22:10:02 [[32MINFO[39M] Auth Event: login {"service":"marketx-api","context":{"userId":"user123","email":"user@example.com"}}

      at Console.log (../node_modules/winston/lib/winston/transports/console.js:87:23)

    console.log
      2026-03-21 22:10:02 [[32MINFO[39M] Auth Event: logout {"service":"marketx-api","context":{"userId":"user123"}}

      at Console.log (../node_modules/winston/lib/winston/transports/console.js:87:23)

    console.log
      2026-03-21 22:10:02 [[32MINFO[39M] Auth Event: failed_login {"service":"marketx-api","context":{"email":"user@example.com"}}

      at Console.log (../node_modules/winston/lib/winston/transports/console.js:87:23)

    console.log
      2026-03-21 22:10:02 [[32MINFO[39M] Auth Event: token_refresh {"service":"marketx-api","context":{"userId":"user123"}}

      at Console.log (../node_modules/winston/lib/winston/transports/console.js:87:23)

    console.log
      2026-03-21 22:10:02 [[32MINFO[39M] Test message {"service":"marketx-api","context":null}

      at Console.log (../node_modules/winston/lib/winston/transports/console.js:87:23)

    console.log
      2026-03-21 22:10:02 [[32MINFO[39M] Test message {"service":"marketx-api"}

      at Console.log (../node_modules/winston/lib/winston/transports/console.js:87:23)

    console.log
      2026-03-21 22:10:02 [[32MINFO[39M] Deep object {"service":"marketx-api","context":{"level1":{"level2":{"level3":{"level4":{"level5":{"password":"***REDACTED***"}}}}}}}

      at Console.log (../node_modules/winston/lib/winston/transports/console.js:87:23)

    console.log
      2026-03-21 22:10:02 [[32MINFO[39M] Object with circular reference {"service":"marketx-api","context":{"name":"test","self":{"name":"test","self":{"name":"test","self":{"name":"test","self":{"name":"test","self":{"name":"test","self":{"name":"test","self":{"name":"test","self":{"name":"test","self":{"name":"test","self":"[DEEP_OBJECT]"}}}}}}}}}}}

      at Console.log (../node_modules/winston/lib/winston/transports/console.js:87:23)

PASS src/email/email-preference.service.spec.ts
FAIL src/products/products.service.spec.ts
  ● Test suite failed to run

    [96msrc/products/products.service.spec.ts[0m:[93m14[0m:[93m16[0m - [91merror[0m[90m TS2554: [0mExpected 4 arguments, but got 3.

    [7m14[0m     products = new ProductsService(pricing, events, mediaService);
    [7m  [0m [91m               ~~~~~~~~~~~~~~~~~~~~~~~~~~~~~~~~~~~~~~~~~~~~~~~~~~[0m

      [96msrc/products/products.service.ts[0m:[93m29[0m:[93m5[0m
        [7m29[0m     @InjectRepository(ProductPriceEntity)
        [7m  [0m [96m    ~~~~~~~~~~~~~~~~~~~~~~~~~~~~~~~~~~~~~[0m
        [7m30[0m     private readonly priceHistoryRepo: Repository<ProductPriceEntity>,
        [7m  [0m [96m~~~~~~~~~~~~~~~~~~~~~~~~~~~~~~~~~~~~~~~~~~~~~~~~~~~~~~~~~~~~~~~~~~~~~[0m
        An argument for 'priceHistoryRepo' was not provided.
    [96msrc/products/products.service.spec.ts[0m:[93m27[0m:[93m14[0m - [91merror[0m[90m TS2339: [0mProperty 'basePrice' does not exist on type 'Promise<Product>'.

    [7m27[0m     expect(p.basePrice).toBe('12.34');
    [7m  [0m [91m             ~~~~~~~~~[0m

      [96msrc/products/products.service.spec.ts[0m:[93m27[0m:[93m14[0m
        [7m27[0m     expect(p.basePrice).toBe('12.34');
        [7m  [0m [96m             ~~~~~~~~~[0m
        Did you forget to use 'await'?
    [96msrc/products/products.service.spec.ts[0m:[93m28[0m:[93m14[0m - [91merror[0m[90m TS2339: [0mProperty 'basePriceMinor' does not exist on type 'Promise<Product>'.

    [7m28[0m     expect(p.basePriceMinor).toBe('1234');
    [7m  [0m [91m             ~~~~~~~~~~~~~~[0m

      [96msrc/products/products.service.spec.ts[0m:[93m28[0m:[93m14[0m
        [7m28[0m     expect(p.basePriceMinor).toBe('1234');
        [7m  [0m [96m             ~~~~~~~~~~~~~~[0m
        Did you forget to use 'await'?
    [96msrc/products/products.service.spec.ts[0m:[93m29[0m:[93m14[0m - [91merror[0m[90m TS2339: [0mProperty 'priceHistory' does not exist on type 'Promise<Product>'.

    [7m29[0m     expect(p.priceHistory.length).toBeGreaterThan(0);
    [7m  [0m [91m             ~~~~~~~~~~~~[0m

      [96msrc/products/products.service.spec.ts[0m:[93m29[0m:[93m14[0m
        [7m29[0m     expect(p.priceHistory.length).toBeGreaterThan(0);
        [7m  [0m [96m             ~~~~~~~~~~~~[0m
        Did you forget to use 'await'?
    [96msrc/products/products.service.spec.ts[0m:[93m30[0m:[93m21[0m - [91merror[0m[90m TS2339: [0mProperty 'priceHistory' does not exist on type 'Promise<Product>'.

    [7m30[0m     const entry = p.priceHistory[0];
    [7m  [0m [91m                    ~~~~~~~~~~~~[0m

      [96msrc/products/products.service.spec.ts[0m:[93m30[0m:[93m21[0m
        [7m30[0m     const entry = p.priceHistory[0];
        [7m  [0m [96m                    ~~~~~~~~~~~~[0m
        Did you forget to use 'await'?
    [96msrc/products/products.service.spec.ts[0m:[93m50[0m:[93m44[0m - [91merror[0m[90m TS2339: [0mProperty 'id' does not exist on type 'Promise<Product>'.

    [7m50[0m     const updated = products.updatePrice(p.id, 'seller-1', { basePrice: 15.5, baseCurrency: SupportedCurrency.USD, reason: 'test' });
    [7m  [0m [91m                                           ~~[0m

      [96msrc/products/products.service.spec.ts[0m:[93m50[0m:[93m44[0m
        [7m50[0m     const updated = products.updatePrice(p.id, 'seller-1', { basePrice: 15.5, baseCurrency: SupportedCurrency.USD, reason: 'test' });
        [7m  [0m [96m                                           ~~[0m
        Did you forget to use 'await'?
    [96msrc/products/products.service.spec.ts[0m:[93m52[0m:[93m20[0m - [91merror[0m[90m TS2339: [0mProperty 'price' does not exist on type 'Promise<Product>'.

    [7m52[0m     expect(updated.price).toBe('15.5');
    [7m  [0m [91m                   ~~~~~[0m

      [96msrc/products/products.service.spec.ts[0m:[93m52[0m:[93m20[0m
        [7m52[0m     expect(updated.price).toBe('15.5');
        [7m  [0m [96m                   ~~~~~[0m
        Did you forget to use 'await'?
    [96msrc/products/products.service.spec.ts[0m:[93m53[0m:[93m20[0m - [91merror[0m[90m TS2339: [0mProperty 'priceMinor' does not exist on type 'Promise<Product>'.

    [7m53[0m     expect(updated.priceMinor).toBe(pricing.toMinorUnitsString(15.5, SupportedCurrency.USD));
    [7m  [0m [91m                   ~~~~~~~~~~[0m

      [96msrc/products/products.service.spec.ts[0m:[93m53[0m:[93m20[0m
        [7m53[0m     expect(updated.priceMinor).toBe(pricing.toMinorUnitsString(15.5, SupportedCurrency.USD));
        [7m  [0m [96m                   ~~~~~~~~~~[0m
        Did you forget to use 'await'?
    [96msrc/products/products.service.spec.ts[0m:[93m54[0m:[93m20[0m - [91merror[0m[90m TS2339: [0mProperty 'priceHistory' does not exist on type 'Promise<Product>'.

    [7m54[0m     expect(updated.priceHistory.length).toBe(2);
    [7m  [0m [91m                   ~~~~~~~~~~~~[0m

      [96msrc/products/products.service.spec.ts[0m:[93m54[0m:[93m20[0m
        [7m54[0m     expect(updated.priceHistory.length).toBe(2);
        [7m  [0m [96m                   ~~~~~~~~~~~~[0m
        Did you forget to use 'await'?
    [96msrc/products/products.service.spec.ts[0m:[93m55[0m:[93m26[0m - [91merror[0m[90m TS2339: [0mProperty 'priceHistory' does not exist on type 'Promise<Product>'.

    [7m55[0m     const last = updated.priceHistory[updated.priceHistory.length - 1];
    [7m  [0m [91m                         ~~~~~~~~~~~~[0m

      [96msrc/products/products.service.spec.ts[0m:[93m55[0m:[93m26[0m
        [7m55[0m     const last = updated.priceHistory[updated.priceHistory.length - 1];
        [7m  [0m [96m                         ~~~~~~~~~~~~[0m
        Did you forget to use 'await'?
    [96msrc/products/products.service.spec.ts[0m:[93m55[0m:[93m47[0m - [91merror[0m[90m TS2339: [0mProperty 'priceHistory' does not exist on type 'Promise<Product>'.

    [7m55[0m     const last = updated.priceHistory[updated.priceHistory.length - 1];
    [7m  [0m [91m                                              ~~~~~~~~~~~~[0m

      [96msrc/products/products.service.spec.ts[0m:[93m55[0m:[93m47[0m
        [7m55[0m     const last = updated.priceHistory[updated.priceHistory.length - 1];
        [7m  [0m [96m                                              ~~~~~~~~~~~~[0m
        Did you forget to use 'await'?
    [96msrc/products/products.service.spec.ts[0m:[93m60[0m:[93m44[0m - [91merror[0m[90m TS2339: [0mProperty 'basePrice' does not exist on type 'Promise<Product>'.

    [7m60[0m     expect(payload.basePrice).toBe(updated.basePrice);
    [7m  [0m [91m                                           ~~~~~~~~~[0m

      [96msrc/products/products.service.spec.ts[0m:[93m60[0m:[93m44[0m
        [7m60[0m     expect(payload.basePrice).toBe(updated.basePrice);
        [7m  [0m [96m                                           ~~~~~~~~~[0m
        Did you forget to use 'await'?
    [96msrc/products/products.service.spec.ts[0m:[93m61[0m:[93m49[0m - [91merror[0m[90m TS2339: [0mProperty 'basePriceMinor' does not exist on type 'Promise<Product>'.

    [7m61[0m     expect(payload.basePriceMinor).toBe(updated.basePriceMinor);
    [7m  [0m [91m                                                ~~~~~~~~~~~~~~[0m

      [96msrc/products/products.service.spec.ts[0m:[93m61[0m:[93m49[0m
        [7m61[0m     expect(payload.basePriceMinor).toBe(updated.basePriceMinor);
        [7m  [0m [96m                                                ~~~~~~~~~~~~~~[0m
        Did you forget to use 'await'?

PASS src/products/services/pricing.service.spec.ts (12.724 s)
FAIL src/fraud/tests/fraud.service.spec.ts
  ● Test suite failed to run

    [96msrc/fraud/tests/fraud.service.spec.ts[0m:[93m31[0m:[93m69[0m - [91merror[0m[90m TS2353: [0mObject literal may only specify known properties, and 'i' does not exist in type '{ amount?: number | undefined; orderCount?: number | undefined; duplicateOrderInWindow?: boolean | undefined; knownBadIp?: boolean | undefined; accountAgeDays?: number | undefined; failedPaymentCount?: number | undefined; isFirstOrder?: boolean | undefined; }'.

    [7m31[0m       await evaluateAllRules({ userId: 'u-progressive', metadata: { i } });
    [7m  [0m [91m                                                                    ~[0m

      [96msrc/fraud/score.ts[0m:[93m16[0m:[93m3[0m
        [7m16[0m   metadata?: {
        [7m  [0m [96m  ~~~~~~~~[0m
        The expected type comes from property 'metadata' which is declared here on type 'FraudInput'

FAIL src/rate-limiting/tests/rate-limit.service.spec.ts (12.799 s)
  ● RateLimitService › should be defined

    TypeError: require(...).mocked is not a function

      29 |     
      30 |     // Get the mocked Redis instance
    > 31 |     mockRedis = require('ioredis').mocked();
         |                                    ^
      32 |     mockRedis.pipeline = jest.fn().mockReturnValue({
      33 |       zremrangebyscore: jest.fn().mockReturnThis(),
      34 |       zcard: jest.fn().mockReturnThis(),

      at Object.<anonymous> (rate-limiting/tests/rate-limit.service.spec.ts:31:36)

  ● RateLimitService › checkRateLimit › should allow request when under limit

    TypeError: require(...).mocked is not a function

      29 |     
      30 |     // Get the mocked Redis instance
    > 31 |     mockRedis = require('ioredis').mocked();
         |                                    ^
      32 |     mockRedis.pipeline = jest.fn().mockReturnValue({
      33 |       zremrangebyscore: jest.fn().mockReturnThis(),
      34 |       zcard: jest.fn().mockReturnThis(),

      at Object.<anonymous> (rate-limiting/tests/rate-limit.service.spec.ts:31:36)

  ● RateLimitService › checkRateLimit › should block request when over limit

    TypeError: require(...).mocked is not a function

      29 |     
      30 |     // Get the mocked Redis instance
    > 31 |     mockRedis = require('ioredis').mocked();
         |                                    ^
      32 |     mockRedis.pipeline = jest.fn().mockReturnValue({
      33 |       zremrangebyscore: jest.fn().mockReturnThis(),
      34 |       zcard: jest.fn().mockReturnThis(),

      at Object.<anonymous> (rate-limiting/tests/rate-limit.service.spec.ts:31:36)

  ● RateLimitService › checkRateLimit › should apply different limits for different tiers

    TypeError: require(...).mocked is not a function

      29 |     
      30 |     // Get the mocked Redis instance
    > 31 |     mockRedis = require('ioredis').mocked();
         |                                    ^
      32 |     mockRedis.pipeline = jest.fn().mockReturnValue({
      33 |       zremrangebyscore: jest.fn().mockReturnThis(),
      34 |       zcard: jest.fn().mockReturnThis(),

      at Object.<anonymous> (rate-limiting/tests/rate-limit.service.spec.ts:31:36)

  ● RateLimitService › checkRateLimit › should apply endpoint-specific limits

    TypeError: require(...).mocked is not a function

      29 |     
      30 |     // Get the mocked Redis instance
    > 31 |     mockRedis = require('ioredis').mocked();
         |                                    ^
      32 |     mockRedis.pipeline = jest.fn().mockReturnValue({
      33 |       zremrangebyscore: jest.fn().mockReturnThis(),
      34 |       zcard: jest.fn().mockReturnThis(),

      at Object.<anonymous> (rate-limiting/tests/rate-limit.service.spec.ts:31:36)

  ● RateLimitService › checkRateLimit › should fail open when Redis is unavailable

    TypeError: require(...).mocked is not a function

      29 |     
      30 |     // Get the mocked Redis instance
    > 31 |     mockRedis = require('ioredis').mocked();
         |                                    ^
      32 |     mockRedis.pipeline = jest.fn().mockReturnValue({
      33 |       zremrangebyscore: jest.fn().mockReturnThis(),
      34 |       zcard: jest.fn().mockReturnThis(),

      at Object.<anonymous> (rate-limiting/tests/rate-limit.service.spec.ts:31:36)

  ● RateLimitService › resetRateLimit › should reset rate limit for identifier

    TypeError: require(...).mocked is not a function

      29 |     
      30 |     // Get the mocked Redis instance
    > 31 |     mockRedis = require('ioredis').mocked();
         |                                    ^
      32 |     mockRedis.pipeline = jest.fn().mockReturnValue({
      33 |       zremrangebyscore: jest.fn().mockReturnThis(),
      34 |       zcard: jest.fn().mockReturnThis(),

      at Object.<anonymous> (rate-limiting/tests/rate-limit.service.spec.ts:31:36)

  ● RateLimitService › resetRateLimit › should reset rate limit for identifier and endpoint

    TypeError: require(...).mocked is not a function

      29 |     
      30 |     // Get the mocked Redis instance
    > 31 |     mockRedis = require('ioredis').mocked();
         |                                    ^
      32 |     mockRedis.pipeline = jest.fn().mockReturnValue({
      33 |       zremrangebyscore: jest.fn().mockReturnThis(),
      34 |       zcard: jest.fn().mockReturnThis(),

      at Object.<anonymous> (rate-limiting/tests/rate-limit.service.spec.ts:31:36)

  ● RateLimitService › getRateLimitStatus › should return current status

    TypeError: require(...).mocked is not a function

      29 |     
      30 |     // Get the mocked Redis instance
    > 31 |     mockRedis = require('ioredis').mocked();
         |                                    ^
      32 |     mockRedis.pipeline = jest.fn().mockReturnValue({
      33 |       zremrangebyscore: jest.fn().mockReturnThis(),
      34 |       zcard: jest.fn().mockReturnThis(),

      at Object.<anonymous> (rate-limiting/tests/rate-limit.service.spec.ts:31:36)

  ● RateLimitService › updateTierConfig › should update tier configuration

    TypeError: require(...).mocked is not a function

      29 |     
      30 |     // Get the mocked Redis instance
    > 31 |     mockRedis = require('ioredis').mocked();
         |                                    ^
      32 |     mockRedis.pipeline = jest.fn().mockReturnValue({
      33 |       zremrangebyscore: jest.fn().mockReturnThis(),
      34 |       zcard: jest.fn().mockReturnThis(),

      at Object.<anonymous> (rate-limiting/tests/rate-limit.service.spec.ts:31:36)

  ● RateLimitService › updateEndpointConfig › should update endpoint configuration

    TypeError: require(...).mocked is not a function

      29 |     
      30 |     // Get the mocked Redis instance
    > 31 |     mockRedis = require('ioredis').mocked();
         |                                    ^
      32 |     mockRedis.pipeline = jest.fn().mockReturnValue({
      33 |       zremrangebyscore: jest.fn().mockReturnThis(),
      34 |       zcard: jest.fn().mockReturnThis(),

      at Object.<anonymous> (rate-limiting/tests/rate-limit.service.spec.ts:31:36)

  ● RateLimitService › getAnalytics › should return analytics data

    TypeError: require(...).mocked is not a function

      29 |     
      30 |     // Get the mocked Redis instance
    > 31 |     mockRedis = require('ioredis').mocked();
         |                                    ^
      32 |     mockRedis.pipeline = jest.fn().mockReturnValue({
      33 |       zremrangebyscore: jest.fn().mockReturnThis(),
      34 |       zcard: jest.fn().mockReturnThis(),

      at Object.<anonymous> (rate-limiting/tests/rate-limit.service.spec.ts:31:36)

[31m[Nest] 62636  - [39m03/21/2026, 10:10:02 PM [31m  ERROR[39m [38;5;3m[PriceService] [39m[31mFailed to fetch rates: Network error. Using fallback.[39m
[31m[Nest] 62636  - [39m03/21/2026, 10:10:02 PM [31m  ERROR[39m [38;5;3m[PriceService] [39m[31mFailed to fetch rates: Network error. Using fallback.[39m
PASS src/price/price.service.spec.ts
FAIL src/notifications/tests/notifications.controller.spec.ts
  ● Test suite failed to run

    Cannot find module 'src/users/users.entity' from 'notifications/notification.entity.ts'

    Require stack:
      notifications/notification.entity.ts
      notifications/notifications.service.ts
      notifications/notifications.controller.ts
      notifications/tests/notifications.controller.spec.ts

      10 | } from 'typeorm';
      11 | import { ApiProperty } from '@nestjs/swagger';
    > 12 | import { Users } from 'src/users/users.entity';
         | ^
      13 |
      14 | export enum NotificationType {
      15 |   TRANSACTION_RECEIVED = 'transaction_received',

      at Resolver._throwModNotFoundError (../node_modules/jest-resolve/build/resolver.js:427:11)
      at Object.<anonymous> (notifications/notification.entity.ts:12:1)
      at Object.<anonymous> (notifications/notifications.service.ts:13:1)
      at Object.<anonymous> (notifications/notifications.controller.ts:24:1)
      at Object.<anonymous> (notifications/tests/notifications.controller.spec.ts:2:1)

PASS src/email/email.service.spec.ts (13.018 s)
PASS src/common/services/__tests__/encryption.service.spec.ts
FAIL src/app.controller.spec.ts
  ● Test suite failed to run

    [96msrc/app.controller.spec.ts[0m:[93m19[0m:[93m28[0m - [91merror[0m[90m TS2554: [0mExpected 1-2 arguments, but got 0.

    [7m19[0m       expect(appController.getHello()).toBe('Hello World!');
    [7m  [0m [91m                           ~~~~~~~~[0m

      [96msrc/app.controller.ts[0m:[93m15[0m:[93m5[0m
        [7m15[0m     @Req() req: Request,
        [7m  [0m [96m    ~~~~~~~~~~~~~~~~~~~[0m
        An argument for 'req' was not provided.

PASS src/shipping/shipping.service.spec.ts (13.24 s)
PASS src/chat/tests/chat.service.spec.ts
FAIL src/orders/orders.service.spec.ts
  ● Test suite failed to run

    Cannot find module 'src/users/users.entity' from 'notifications/notification.entity.ts'

    Require stack:
      notifications/notification.entity.ts
      notifications/notifications.service.ts
      inventory/inventory.service.ts
      orders/orders.service.ts
      orders/orders.service.spec.ts

      10 | } from 'typeorm';
      11 | import { ApiProperty } from '@nestjs/swagger';
    > 12 | import { Users } from 'src/users/users.entity';
         | ^
      13 |
      14 | export enum NotificationType {
      15 |   TRANSACTION_RECEIVED = 'transaction_received',

      at Resolver._throwModNotFoundError (../node_modules/jest-resolve/build/resolver.js:427:11)
      at Object.<anonymous> (notifications/notification.entity.ts:12:1)
      at Object.<anonymous> (notifications/notifications.service.ts:13:1)
      at Object.<anonymous> (inventory/inventory.service.ts:16:1)
      at Object.<anonymous> (orders/orders.service.ts:23:1)
      at Object.<anonymous> (orders/orders.service.spec.ts:2:1)

FAIL src/favorites/favorites.controller.spec.ts
  ● FavoritesController › favoriteListing › should favorite a listing successfully

    expect(jest.fn()).toHaveBeenCalledWith(...expected)

    Expected: 1, 1
    Received: 1, "1"

    Number of calls: 1

      36 |       const result = await controller.favoriteListing('1', mockRequest);
      37 |
    > 38 |       expect(favoritesService.favoriteListing).toHaveBeenCalledWith(1, 1);
         |                                                ^
      39 |       expect(result).toEqual({ message: 'Listing added to favorites successfully' });
      40 |     });
      41 |   });

      at Object.<anonymous> (favorites/favorites.controller.spec.ts:38:48)

  ● FavoritesController › unfavoriteListing › should unfavorite a listing successfully

    expect(jest.fn()).toHaveBeenCalledWith(...expected)

    Expected: 1, 1
    Received: 1, "1"

    Number of calls: 1

      47 |       const result = await controller.unfavoriteListing('1', mockRequest);
      48 |
    > 49 |       expect(favoritesService.unfavoriteListing).toHaveBeenCalledWith(1, 1);
         |                                                  ^
      50 |       expect(result).toEqual({ message: 'Listing removed from favorites successfully' });
      51 |     });
      52 |   });

      at Object.<anonymous> (favorites/favorites.controller.spec.ts:49:50)

PASS src/products/services/pricing.string.spec.ts
FAIL src/listing/listing.service.spec.ts
  ● ListingsService › should be defined

    Nest can't resolve dependencies of the ListingsService (?, ConfigService). Please make sure that the argument "ListingRepository" at index [0] is available in the RootTestModule module.

    Potential solutions:
    - Is RootTestModule a valid NestJS module?
    - If "ListingRepository" is a provider, is it part of the current RootTestModule?
    - If "ListingRepository" is exported from a separate @Module, is that module imported within RootTestModule?
      @Module({
        imports: [ /* the Module containing "ListingRepository" */ ]
      })

    For more common dependency resolution issues, see: https://docs.nestjs.com/faq/common-errors

      10 |
      11 |   beforeEach(async () => {
    > 12 |     const module: TestingModule = await Test.createTestingModule({
         |                                   ^
      13 |       providers: [ListingsService],
      14 |     }).compile();
      15 |

      at TestingInjector.lookupComponentInParentModules (../node_modules/@nestjs/core/injector/injector.js:290:19)
      at TestingInjector.resolveComponentWrapper (../node_modules/@nestjs/testing/testing-injector.js:19:45)
      at resolveParam (../node_modules/@nestjs/core/injector/injector.js:140:38)
          at async Promise.all (index 0)
      at TestingInjector.resolveConstructorParams (../node_modules/@nestjs/core/injector/injector.js:169:27)
      at TestingInjector.loadInstance (../node_modules/@nestjs/core/injector/injector.js:75:13)
      at TestingInjector.loadProvider (../node_modules/@nestjs/core/injector/injector.js:103:9)
      at ../node_modules/@nestjs/core/injector/instance-loader.js:56:13
          at async Promise.all (index 3)
      at TestingInstanceLoader.createInstancesOfProviders (../node_modules/@nestjs/core/injector/instance-loader.js:55:9)
      at ../node_modules/@nestjs/core/injector/instance-loader.js:40:13
          at async Promise.all (index 1)
      at TestingInstanceLoader.createInstances (../node_modules/@nestjs/core/injector/instance-loader.js:39:9)
      at TestingInstanceLoader.createInstancesOfDependencies (../node_modules/@nestjs/core/injector/instance-loader.js:22:13)
      at TestingInstanceLoader.createInstancesOfDependencies (../node_modules/@nestjs/testing/testing-instance-loader.js:9:9)
      at TestingModuleBuilder.createInstancesOfDependencies (../node_modules/@nestjs/testing/testing-module.builder.js:118:9)
      at TestingModuleBuilder.compile (../node_modules/@nestjs/testing/testing-module.builder.js:74:9)
      at Object.<anonymous> (listing/listing.service.spec.ts:12:35)

PASS src/market-place/market-place.service.spec.ts
PASS src/payments/payment-monitor.service.spec.ts (13.416 s)
FAIL src/payments/payments.service.spec.ts (13.455 s)
  ● PaymentsService › initiatePayment › should create a pending payment for a valid order

    expect(received).toEqual(expected) // deep equality

    - Expected  - 2
    + Received  + 3

      Object {
        "amount": 100,
    -   "confirmationCount": 0,
    +   "confirmationCount": undefined,
        "confirmedAt": undefined,
        "createdAt": undefined,
        "currency": "XLM",
        "destinationWalletAddress": "GBUQWP3BOUZX34ULNQG23RQ6F5DOBAB4NSTZDVSXTVWDNXMhtqc6VPM7",
    -   "expiresAt": undefined,
    +   "expiresAt": 2026-03-21T21:10:03.257Z,
        "id": "payment-123",
        "orderId": "order-123",
        "sourceWalletAddress": undefined,
        "status": "pending",
    +   "stellarTransactionId": undefined,
      }

      124 |       });
      125 |
    > 126 |       expect(result).toEqual({
          |                      ^
      127 |         id: 'payment-123',
      128 |         orderId: testOrderId,
      129 |         amount: 100,

      at Object.<anonymous> (payments/payments.service.spec.ts:126:22)

  ● PaymentsService › handlePaymentTimeout › should mark payment as timeout

    TypeError: Cannot read properties of undefined (reading 'toString')

      345 |       id: payment.id,
      346 |       orderId: payment.orderId,
    > 347 |       amount: parseFloat(payment.amount.toString()),
          |                                         ^
      348 |       currency: payment.currency,
      349 |       status: payment.status,
      350 |       stellarTransactionId: payment.stellarTransactionId,

      at PaymentsService.mapToResponseDto (payments/payments.service.ts:347:41)
      at PaymentsService.handlePaymentTimeout (payments/payments.service.ts:232:17)
      at Object.<anonymous> (payments/payments.service.spec.ts:375:22)

FAIL src/webhooks/webhooks.service.spec.ts
  ● WebhooksService › should be defined

    Nest can't resolve dependencies of the WebhooksService (?, HttpService, ConfigService). Please make sure that the argument "WebhookRepository" at index [0] is available in the RootTestModule module.

    Potential solutions:
    - Is RootTestModule a valid NestJS module?
    - If "WebhookRepository" is a provider, is it part of the current RootTestModule?
    - If "WebhookRepository" is exported from a separate @Module, is that module imported within RootTestModule?
      @Module({
        imports: [ /* the Module containing "WebhookRepository" */ ]
      })

    For more common dependency resolution issues, see: https://docs.nestjs.com/faq/common-errors

       6 |
       7 |   beforeEach(async () => {
    >  8 |     const module: TestingModule = await Test.createTestingModule({
         |                                   ^
       9 |       providers: [WebhooksService],
      10 |     }).compile();
      11 |

      at TestingInjector.lookupComponentInParentModules (../node_modules/@nestjs/core/injector/injector.js:290:19)
      at TestingInjector.resolveComponentWrapper (../node_modules/@nestjs/testing/testing-injector.js:19:45)
      at resolveParam (../node_modules/@nestjs/core/injector/injector.js:140:38)
          at async Promise.all (index 0)
      at TestingInjector.resolveConstructorParams (../node_modules/@nestjs/core/injector/injector.js:169:27)
      at TestingInjector.loadInstance (../node_modules/@nestjs/core/injector/injector.js:75:13)
      at TestingInjector.loadProvider (../node_modules/@nestjs/core/injector/injector.js:103:9)
      at ../node_modules/@nestjs/core/injector/instance-loader.js:56:13
          at async Promise.all (index 3)
      at TestingInstanceLoader.createInstancesOfProviders (../node_modules/@nestjs/core/injector/instance-loader.js:55:9)
      at ../node_modules/@nestjs/core/injector/instance-loader.js:40:13
          at async Promise.all (index 1)
      at TestingInstanceLoader.createInstances (../node_modules/@nestjs/core/injector/instance-loader.js:39:9)
      at TestingInstanceLoader.createInstancesOfDependencies (../node_modules/@nestjs/core/injector/instance-loader.js:22:13)
      at TestingInstanceLoader.createInstancesOfDependencies (../node_modules/@nestjs/testing/testing-instance-loader.js:9:9)
      at TestingModuleBuilder.createInstancesOfDependencies (../node_modules/@nestjs/testing/testing-module.builder.js:118:9)
      at TestingModuleBuilder.compile (../node_modules/@nestjs/testing/testing-module.builder.js:74:9)
      at Object.<anonymous> (webhooks/webhooks.service.spec.ts:8:35)

FAIL src/market-place/market-place.controller.spec.ts
  ● MarketPlaceController › should be defined

    Nest can't resolve dependencies of the MarketPlaceController (MarketPlaceService, ?). Please make sure that the argument ListingsService at index [1] is available in the RootTestModule module.

    Potential solutions:
    - Is RootTestModule a valid NestJS module?
    - If ListingsService is a provider, is it part of the current RootTestModule?
    - If ListingsService is exported from a separate @Module, is that module imported within RootTestModule?
      @Module({
        imports: [ /* the Module containing ListingsService */ ]
      })

    For more common dependency resolution issues, see: https://docs.nestjs.com/faq/common-errors

       7 |
       8 |   beforeEach(async () => {
    >  9 |     const module: TestingModule = await Test.createTestingModule({
         |                                   ^
      10 |       controllers: [MarketPlaceController],
      11 |       providers: [MarketPlaceService],
      12 |     }).compile();

      at TestingInjector.lookupComponentInParentModules (../node_modules/@nestjs/core/injector/injector.js:290:19)
      at TestingInjector.resolveComponentWrapper (../node_modules/@nestjs/testing/testing-injector.js:19:45)
      at resolveParam (../node_modules/@nestjs/core/injector/injector.js:140:38)
          at async Promise.all (index 1)
      at TestingInjector.resolveConstructorParams (../node_modules/@nestjs/core/injector/injector.js:169:27)
      at TestingInjector.loadInstance (../node_modules/@nestjs/core/injector/injector.js:75:13)
      at TestingInjector.loadController (../node_modules/@nestjs/core/injector/injector.js:94:9)
      at ../node_modules/@nestjs/core/injector/instance-loader.js:68:13
          at async Promise.all (index 0)
      at TestingInstanceLoader.createInstancesOfControllers (../node_modules/@nestjs/core/injector/instance-loader.js:67:9)
      at ../node_modules/@nestjs/core/injector/instance-loader.js:42:13
          at async Promise.all (index 1)
      at TestingInstanceLoader.createInstances (../node_modules/@nestjs/core/injector/instance-loader.js:39:9)
      at TestingInstanceLoader.createInstancesOfDependencies (../node_modules/@nestjs/core/injector/instance-loader.js:22:13)
      at TestingInstanceLoader.createInstancesOfDependencies (../node_modules/@nestjs/testing/testing-instance-loader.js:9:9)
      at TestingModuleBuilder.createInstancesOfDependencies (../node_modules/@nestjs/testing/testing-module.builder.js:118:9)
      at TestingModuleBuilder.compile (../node_modules/@nestjs/testing/testing-module.builder.js:74:9)
      at Object.<anonymous> (market-place/market-place.controller.spec.ts:9:35)

FAIL src/wallet/wallet.controller.spec.ts
  ● WalletController › should be defined

    Nest can't resolve dependencies of the WalletService (?, ConfigService, WalletKeyAuditRepository). Please make sure that the argument "WalletRepository" at index [0] is available in the RootTestModule module.

    Potential solutions:
    - Is RootTestModule a valid NestJS module?
    - If "WalletRepository" is a provider, is it part of the current RootTestModule?
    - If "WalletRepository" is exported from a separate @Module, is that module imported within RootTestModule?
      @Module({
        imports: [ /* the Module containing "WalletRepository" */ ]
      })

    For more common dependency resolution issues, see: https://docs.nestjs.com/faq/common-errors

       7 |
       8 |   beforeEach(async () => {
    >  9 |     const module: TestingModule = await Test.createTestingModule({
         |                                   ^
      10 |       controllers: [WalletController],
      11 |       providers: [WalletService],
      12 |     }).compile();

      at TestingInjector.lookupComponentInParentModules (../node_modules/@nestjs/core/injector/injector.js:290:19)
      at TestingInjector.resolveComponentWrapper (../node_modules/@nestjs/testing/testing-injector.js:19:45)
      at resolveParam (../node_modules/@nestjs/core/injector/injector.js:140:38)
          at async Promise.all (index 0)
      at TestingInjector.resolveConstructorParams (../node_modules/@nestjs/core/injector/injector.js:169:27)
      at TestingInjector.loadInstance (../node_modules/@nestjs/core/injector/injector.js:75:13)
      at TestingInjector.loadProvider (../node_modules/@nestjs/core/injector/injector.js:103:9)
      at ../node_modules/@nestjs/core/injector/instance-loader.js:56:13
          at async Promise.all (index 3)
      at TestingInstanceLoader.createInstancesOfProviders (../node_modules/@nestjs/core/injector/instance-loader.js:55:9)
      at ../node_modules/@nestjs/core/injector/instance-loader.js:40:13
          at async Promise.all (index 1)
      at TestingInstanceLoader.createInstances (../node_modules/@nestjs/core/injector/instance-loader.js:39:9)
      at TestingInstanceLoader.createInstancesOfDependencies (../node_modules/@nestjs/core/injector/instance-loader.js:22:13)
      at TestingInstanceLoader.createInstancesOfDependencies (../node_modules/@nestjs/testing/testing-instance-loader.js:9:9)
      at TestingModuleBuilder.createInstancesOfDependencies (../node_modules/@nestjs/testing/testing-module.builder.js:118:9)
      at TestingModuleBuilder.compile (../node_modules/@nestjs/testing/testing-module.builder.js:74:9)
      at Object.<anonymous> (wallet/wallet.controller.spec.ts:9:35)

FAIL src/wallet/wallet.service.spec.ts
  ● WalletService › should be defined

    Nest can't resolve dependencies of the WalletService (?, ConfigService, WalletKeyAuditRepository). Please make sure that the argument "WalletRepository" at index [0] is available in the RootTestModule module.

    Potential solutions:
    - Is RootTestModule a valid NestJS module?
    - If "WalletRepository" is a provider, is it part of the current RootTestModule?
    - If "WalletRepository" is exported from a separate @Module, is that module imported within RootTestModule?
      @Module({
        imports: [ /* the Module containing "WalletRepository" */ ]
      })

    For more common dependency resolution issues, see: https://docs.nestjs.com/faq/common-errors

       6 |
       7 |   beforeEach(async () => {
    >  8 |     const module: TestingModule = await Test.createTestingModule({
         |                                   ^
       9 |       providers: [WalletService],
      10 |     }).compile();
      11 |

      at TestingInjector.lookupComponentInParentModules (../node_modules/@nestjs/core/injector/injector.js:290:19)
      at TestingInjector.resolveComponentWrapper (../node_modules/@nestjs/testing/testing-injector.js:19:45)
      at resolveParam (../node_modules/@nestjs/core/injector/injector.js:140:38)
          at async Promise.all (index 0)
      at TestingInjector.resolveConstructorParams (../node_modules/@nestjs/core/injector/injector.js:169:27)
      at TestingInjector.loadInstance (../node_modules/@nestjs/core/injector/injector.js:75:13)
      at TestingInjector.loadProvider (../node_modules/@nestjs/core/injector/injector.js:103:9)
      at ../node_modules/@nestjs/core/injector/instance-loader.js:56:13
          at async Promise.all (index 3)
      at TestingInstanceLoader.createInstancesOfProviders (../node_modules/@nestjs/core/injector/instance-loader.js:55:9)
      at ../node_modules/@nestjs/core/injector/instance-loader.js:40:13
          at async Promise.all (index 1)
      at TestingInstanceLoader.createInstances (../node_modules/@nestjs/core/injector/instance-loader.js:39:9)
      at TestingInstanceLoader.createInstancesOfDependencies (../node_modules/@nestjs/core/injector/instance-loader.js:22:13)
      at TestingInstanceLoader.createInstancesOfDependencies (../node_modules/@nestjs/testing/testing-instance-loader.js:9:9)
      at TestingModuleBuilder.createInstancesOfDependencies (../node_modules/@nestjs/testing/testing-module.builder.js:118:9)
      at TestingModuleBuilder.compile (../node_modules/@nestjs/testing/testing-module.builder.js:74:9)
      at Object.<anonymous> (wallet/wallet.service.spec.ts:8:35)

FAIL src/webhooks/webhooks.controller.spec.ts
  ● WebhooksController › should be defined

    Nest can't resolve dependencies of the WebhooksService (?, HttpService, ConfigService). Please make sure that the argument "WebhookRepository" at index [0] is available in the RootTestModule module.

    Potential solutions:
    - Is RootTestModule a valid NestJS module?
    - If "WebhookRepository" is a provider, is it part of the current RootTestModule?
    - If "WebhookRepository" is exported from a separate @Module, is that module imported within RootTestModule?
      @Module({
        imports: [ /* the Module containing "WebhookRepository" */ ]
      })

    For more common dependency resolution issues, see: https://docs.nestjs.com/faq/common-errors

       7 |
       8 |   beforeEach(async () => {
    >  9 |     const module: TestingModule = await Test.createTestingModule({
         |                                   ^
      10 |       controllers: [WebhooksController],
      11 |       providers: [WebhooksService],
      12 |     }).compile();

      at TestingInjector.lookupComponentInParentModules (../node_modules/@nestjs/core/injector/injector.js:290:19)
      at TestingInjector.resolveComponentWrapper (../node_modules/@nestjs/testing/testing-injector.js:19:45)
      at resolveParam (../node_modules/@nestjs/core/injector/injector.js:140:38)
          at async Promise.all (index 0)
      at TestingInjector.resolveConstructorParams (../node_modules/@nestjs/core/injector/injector.js:169:27)
      at TestingInjector.loadInstance (../node_modules/@nestjs/core/injector/injector.js:75:13)
      at TestingInjector.loadProvider (../node_modules/@nestjs/core/injector/injector.js:103:9)
      at ../node_modules/@nestjs/core/injector/instance-loader.js:56:13
          at async Promise.all (index 3)
      at TestingInstanceLoader.createInstancesOfProviders (../node_modules/@nestjs/core/injector/instance-loader.js:55:9)
      at ../node_modules/@nestjs/core/injector/instance-loader.js:40:13
          at async Promise.all (index 1)
      at TestingInstanceLoader.createInstances (../node_modules/@nestjs/core/injector/instance-loader.js:39:9)
      at TestingInstanceLoader.createInstancesOfDependencies (../node_modules/@nestjs/core/injector/instance-loader.js:22:13)
      at TestingInstanceLoader.createInstancesOfDependencies (../node_modules/@nestjs/testing/testing-instance-loader.js:9:9)
      at TestingModuleBuilder.createInstancesOfDependencies (../node_modules/@nestjs/testing/testing-module.builder.js:118:9)
      at TestingModuleBuilder.compile (../node_modules/@nestjs/testing/testing-module.builder.js:74:9)
      at Object.<anonymous> (webhooks/webhooks.controller.spec.ts:9:35)

FAIL src/listing/listing.controller.spec.ts
  ● ListingsController › should be defined

    Nest can't resolve dependencies of the ListingsService (?, ConfigService). Please make sure that the argument "ListingRepository" at index [0] is available in the RootTestModule module.

    Potential solutions:
    - Is RootTestModule a valid NestJS module?
    - If "ListingRepository" is a provider, is it part of the current RootTestModule?
    - If "ListingRepository" is exported from a separate @Module, is that module imported within RootTestModule?
      @Module({
        imports: [ /* the Module containing "ListingRepository" */ ]
      })

    For more common dependency resolution issues, see: https://docs.nestjs.com/faq/common-errors

       7 |
       8 |   beforeEach(async () => {
    >  9 |     const module: TestingModule = await Test.createTestingModule({
         |                                   ^
      10 |       controllers: [ListingsController],
      11 |       providers: [ListingsService],
      12 |     }).compile();

      at TestingInjector.lookupComponentInParentModules (../node_modules/@nestjs/core/injector/injector.js:290:19)
      at TestingInjector.resolveComponentWrapper (../node_modules/@nestjs/testing/testing-injector.js:19:45)
      at resolveParam (../node_modules/@nestjs/core/injector/injector.js:140:38)
          at async Promise.all (index 0)
      at TestingInjector.resolveConstructorParams (../node_modules/@nestjs/core/injector/injector.js:169:27)
      at TestingInjector.loadInstance (../node_modules/@nestjs/core/injector/injector.js:75:13)
      at TestingInjector.loadProvider (../node_modules/@nestjs/core/injector/injector.js:103:9)
      at ../node_modules/@nestjs/core/injector/instance-loader.js:56:13
          at async Promise.all (index 3)
      at TestingInstanceLoader.createInstancesOfProviders (../node_modules/@nestjs/core/injector/instance-loader.js:55:9)
      at ../node_modules/@nestjs/core/injector/instance-loader.js:40:13
          at async Promise.all (index 1)
      at TestingInstanceLoader.createInstances (../node_modules/@nestjs/core/injector/instance-loader.js:39:9)
      at TestingInstanceLoader.createInstancesOfDependencies (../node_modules/@nestjs/core/injector/instance-loader.js:22:13)
      at TestingInstanceLoader.createInstancesOfDependencies (../node_modules/@nestjs/testing/testing-instance-loader.js:9:9)
      at TestingModuleBuilder.createInstancesOfDependencies (../node_modules/@nestjs/testing/testing-module.builder.js:118:9)
      at TestingModuleBuilder.compile (../node_modules/@nestjs/testing/testing-module.builder.js:74:9)
      at Object.<anonymous> (listing/listing.controller.spec.ts:9:35)

[31m[Nest] 62641  - [39m03/21/2026, 10:10:04 PM [31m  ERROR[39m [38;5;3m[StellarService] [39m[31mError checking account existence[39m
[31m[Nest] 62641  - [39m03/21/2026, 10:10:04 PM [31m  ERROR[39m [38;5;3m[StellarService] [39mNetworkError: Bad Request
    at [90m/Users/m-agbe/Desktop/onlydust/MarketX-backend/[39mnode_modules/[4m@stellar[24m/stellar-sdk/lib/horizon/call_builder.js:356:52
    at Generator.<anonymous> [90m(/Users/m-agbe/Desktop/onlydust/MarketX-backend/[39mnode_modules/[4m@stellar[24m/stellar-sdk/lib/horizon/call_builder.js:13:1494[90m)[39m
    at Generator.next [90m(/Users/m-agbe/Desktop/onlydust/MarketX-backend/[39mnode_modules/[4m@stellar[24m/stellar-sdk/lib/horizon/call_builder.js:14:255[90m)[39m
    at asyncGeneratorStep [90m(/Users/m-agbe/Desktop/onlydust/MarketX-backend/[39mnode_modules/[4m@stellar[24m/stellar-sdk/lib/horizon/call_builder.js:15:70[90m)[39m
    at _next [90m(/Users/m-agbe/Desktop/onlydust/MarketX-backend/[39mnode_modules/[4m@stellar[24m/stellar-sdk/lib/horizon/call_builder.js:16:163[90m)[39m
    at [90m/Users/m-agbe/Desktop/onlydust/MarketX-backend/[39mnode_modules/[4m@stellar[24m/stellar-sdk/lib/horizon/call_builder.js:16:299
    at new Promise (<anonymous>)
    at [90m/Users/m-agbe/Desktop/onlydust/MarketX-backend/[39mnode_modules/[4m@stellar[24m/stellar-sdk/lib/horizon/call_builder.js:16:90
    at _handleNetworkError [90m(/Users/m-agbe/Desktop/onlydust/MarketX-backend/[39mnode_modules/[4m@stellar[24m/stellar-sdk/lib/horizon/call_builder.js:368:37[90m)[39m
[90m    at processTicksAndRejections (node:internal/process/task_queues:105:5)[39m {
  response: {
    type: [32m'https://stellar.org/horizon-errors/bad_request'[39m,
    title: [32m'Bad Request'[39m,
    status: [33m400[39m,
    detail: [32m'The request you sent was invalid in some way.'[39m,
    extras: {
      invalid_field: [32m'account_id'[39m,
      reason: [32m'Account ID must start with `G` and contain 56 alphanum characters'[39m
    }
  }
}
PASS src/stellar/stellar.service.spec.ts (15.295 s)
A worker process has failed to exit gracefully and has been force exited. This is likely caused by tests leaking due to improper teardown. Try running with --detectOpenHandles to find leaks. Active timers can also cause this, ensure that .unref() was called on them.

Summary of all failing tests
FAIL notifications/tests/notifications.service.spec.ts
  ● Test suite failed to run

    [96msrc/notifications/tests/notifications.service.spec.ts[0m:[93m110[0m:[93m21[0m - [91merror[0m[90m TS2339: [0mProperty 'title' does not exist on type 'NotificationEntity | NotificationEntity[]'.
      Property 'title' does not exist on type 'NotificationEntity[]'.

    [7m110[0m       expect(result.title).toBe('Transaction Received');
    [7m   [0m [91m                    ~~~~~[0m
    [96msrc/notifications/tests/notifications.service.spec.ts[0m:[93m111[0m:[93m21[0m - [91merror[0m[90m TS2339: [0mProperty 'message' does not exist on type 'NotificationEntity | NotificationEntity[]'.
      Property 'message' does not exist on type 'NotificationEntity[]'.

    [7m111[0m       expect(result.message).toBe('You received USD 100.50');
    [7m   [0m [91m                    ~~~~~~~[0m
    [96msrc/notifications/tests/notifications.service.spec.ts[0m:[93m112[0m:[93m21[0m - [91merror[0m[90m TS2339: [0mProperty 'type' does not exist on type 'NotificationEntity | NotificationEntity[]'.
      Property 'type' does not exist on type 'NotificationEntity[]'.

    [7m112[0m       expect(result.type).toBe(NotificationType.TRANSACTION_RECEIVED);
    [7m   [0m [91m                    ~~~~[0m
    [96msrc/notifications/tests/notifications.service.spec.ts[0m:[93m113[0m:[93m21[0m - [91merror[0m[90m TS2339: [0mProperty 'priority' does not exist on type 'NotificationEntity | NotificationEntity[]'.
      Property 'priority' does not exist on type 'NotificationEntity[]'.

    [7m113[0m       expect(result.priority).toBe(NotificationPriority.HIGH);
    [7m   [0m [91m                    ~~~~~~~~[0m
    [96msrc/notifications/tests/notifications.service.spec.ts[0m:[93m133[0m:[93m21[0m - [91merror[0m[90m TS2339: [0mProperty 'notifications' does not exist on type '{ items: NotificationEntity[]; total: number; page: any; limit: any; totalPages: number; }'.

    [7m133[0m       expect(result.notifications).toEqual(mockNotifications);
    [7m   [0m [91m                    ~~~~~~~~~~~~~[0m
    [96msrc/notifications/tests/notifications.service.spec.ts[0m:[93m135[0m:[93m21[0m - [91merror[0m[90m TS2339: [0mProperty 'unreadCount' does not exist on type '{ items: NotificationEntity[]; total: number; page: any; limit: any; totalPages: number; }'.

    [7m135[0m       expect(result.unreadCount).toBe(1);
    [7m   [0m [91m                    ~~~~~~~~~~~[0m

FAIL profile/user.controller.spec.ts
  ● Test suite failed to run

    [96msrc/profile/user.controller.spec.ts[0m:[93m2[0m:[93m33[0m - [91merror[0m[90m TS2307: [0mCannot find module '../users.controller' or its corresponding type declarations.

    [7m2[0m import { UsersController } from '../users.controller';
    [7m [0m [91m                                ~~~~~~~~~~~~~~~~~~~~~[0m
    [96msrc/profile/user.controller.spec.ts[0m:[93m3[0m:[93m30[0m - [91merror[0m[90m TS2307: [0mCannot find module '../users.service' or its corresponding type declarations.

    [7m3[0m import { UsersService } from '../users.service';
    [7m [0m [91m                             ~~~~~~~~~~~~~~~~~~[0m
    [96msrc/profile/user.controller.spec.ts[0m:[93m4[0m:[93m10[0m - [91merror[0m[90m TS2305: [0mModule '"../entities/user.entity"' has no exported member 'ProfileVisibility'.

    [7m4[0m import { ProfileVisibility } from '../entities/user.entity';
    [7m [0m [91m         ~~~~~~~~~~~~~~~~~[0m
    [96msrc/profile/user.controller.spec.ts[0m:[93m5[0m:[93m34[0m - [91merror[0m[90m TS2307: [0mCannot find module '../dto/update-profile.dto' or its corresponding type declarations.

    [7m5[0m import { UpdateProfileDto } from '../dto/update-profile.dto';
    [7m [0m [91m                                 ~~~~~~~~~~~~~~~~~~~~~~~~~~~[0m
    [96msrc/profile/user.controller.spec.ts[0m:[93m6[0m:[93m36[0m - [91merror[0m[90m TS2307: [0mCannot find module '../dto/profile-response.dto' or its corresponding type declarations.

    [7m6[0m import { ProfileResponseDto } from '../dto/profile-response.dto';
    [7m [0m [91m                                   ~~~~~~~~~~~~~~~~~~~~~~~~~~~~~[0m
    [96msrc/profile/user.controller.spec.ts[0m:[93m7[0m:[93m34[0m - [91merror[0m[90m TS2307: [0mCannot find module '../dto/public-profile.dto' or its corresponding type declarations.

    [7m7[0m import { PublicProfileDto } from '../dto/public-profile.dto';
    [7m [0m [91m                                 ~~~~~~~~~~~~~~~~~~~~~~~~~~~[0m

FAIL favorites/favorites.service.spec.ts
  ● Test suite failed to run

    [96msrc/favorites/favorites.service.spec.ts[0m:[93m6[0m:[93m25[0m - [91merror[0m[90m TS2307: [0mCannot find module '../listings/listing.entity' or its corresponding type declarations.

    [7m6[0m import { Listing } from '../listings/listing.entity';
    [7m [0m [91m                        ~~~~~~~~~~~~~~~~~~~~~~~~~~~~[0m
    [96msrc/favorites/favorites.service.spec.ts[0m:[93m60[0m:[93m28[0m - [91merror[0m[90m TS2345: [0mArgument of type '{ favoriteListings: never[]; id: number; email: string; }' is not assignable to parameter of type 'Users | Promise<Users | null> | null'.
      Type '{ favoriteListings: never[]; id: number; email: string; }' is missing the following properties from type 'Users': password, name, bio, avatarUrl, and 16 more.

    [7m60[0m         .mockResolvedValue(userWithFavorites);
    [7m  [0m [91m                           ~~~~~~~~~~~~~~~~~[0m
    [96msrc/favorites/favorites.service.spec.ts[0m:[93m68[0m:[93m40[0m - [91merror[0m[90m TS2345: [0mArgument of type 'number' is not assignable to parameter of type 'string'.

    [7m68[0m       await service.favoriteListing(1, 1);
    [7m  [0m [91m                                       ~[0m
    [96msrc/favorites/favorites.service.spec.ts[0m:[93m83[0m:[93m47[0m - [91merror[0m[90m TS2345: [0mArgument of type 'number' is not assignable to parameter of type 'string'.

    [7m83[0m       await expect(service.favoriteListing(1, 1)).rejects.toThrow(
    [7m  [0m [91m                                              ~[0m
    [96msrc/favorites/favorites.service.spec.ts[0m:[93m94[0m:[93m47[0m - [91merror[0m[90m TS2345: [0mArgument of type 'number' is not assignable to parameter of type 'string'.

    [7m94[0m       await expect(service.favoriteListing(1, 1)).rejects.toThrow(
    [7m  [0m [91m                                              ~[0m
    [96msrc/favorites/favorites.service.spec.ts[0m:[93m112[0m:[93m47[0m - [91merror[0m[90m TS2345: [0mArgument of type 'number' is not assignable to parameter of type 'string'.

    [7m112[0m       await expect(service.favoriteListing(1, 1)).rejects.toThrow(
    [7m   [0m [91m                                              ~[0m
    [96msrc/favorites/favorites.service.spec.ts[0m:[93m132[0m:[93m42[0m - [91merror[0m[90m TS2345: [0mArgument of type 'number' is not assignable to parameter of type 'string'.

    [7m132[0m       await service.unfavoriteListing(1, 1);
    [7m   [0m [91m                                         ~[0m
    [96msrc/favorites/favorites.service.spec.ts[0m:[93m140[0m:[93m49[0m - [91merror[0m[90m TS2345: [0mArgument of type 'number' is not assignable to parameter of type 'string'.

    [7m140[0m       await expect(service.unfavoriteListing(1, 1)).rejects.toThrow(
    [7m   [0m [91m                                                ~[0m
    [96msrc/favorites/favorites.service.spec.ts[0m:[93m152[0m:[93m49[0m - [91merror[0m[90m TS2345: [0mArgument of type 'number' is not assignable to parameter of type 'string'.

    [7m152[0m       await expect(service.unfavoriteListing(1, 1)).rejects.toThrow(
    [7m   [0m [91m                                                ~[0m

FAIL profile/user.service.spec.ts
  ● Test suite failed to run

    [96msrc/profile/user.service.spec.ts[0m:[93m9[0m:[93m30[0m - [91merror[0m[90m TS2307: [0mCannot find module '../users.service' or its corresponding type declarations.

    [7m9[0m import { UsersService } from '../users.service';
    [7m [0m [91m                             ~~~~~~~~~~~~~~~~~~[0m
    [96msrc/profile/user.service.spec.ts[0m:[93m10[0m:[93m16[0m - [91merror[0m[90m TS2305: [0mModule '"../entities/user.entity"' has no exported member 'ProfileVisibility'.

    [7m10[0m import { User, ProfileVisibility } from '../entities/user.entity';
    [7m  [0m [91m               ~~~~~~~~~~~~~~~~~[0m
    [96msrc/profile/user.service.spec.ts[0m:[93m11[0m:[93m34[0m - [91merror[0m[90m TS2307: [0mCannot find module '../dto/update-profile.dto' or its corresponding type declarations.

    [7m11[0m import { UpdateProfileDto } from '../dto/update-profile.dto';
    [7m  [0m [91m                                 ~~~~~~~~~~~~~~~~~~~~~~~~~~~[0m
    [96msrc/profile/user.service.spec.ts[0m:[93m24[0m:[93m5[0m - [91merror[0m[90m TS2353: [0mObject literal may only specify known properties, and 'profileImageUrl' does not exist in type 'User'.

    [7m24[0m     profileImageUrl: 'https://example.com/profile.jpg',
    [7m  [0m [91m    ~~~~~~~~~~~~~~~[0m

FAIL guards/__tests__/admin.guard.spec.ts
  ● Test suite failed to run

    [96msrc/guards/__tests__/admin.guard.spec.ts[0m:[93m28[0m:[93m12[0m - [91merror[0m[90m TS2352: [0mConversion of type '{ switchToHttp: () => { getRequest: () => { user: any; }; getResponse: () => {}; getNext: () => jest.Mock<any, any, any>; }; getHandler: () => jest.Mock<any, any, any>; getClass: () => jest.Mock<any, any, any>; ... 4 more ...; getType: () => "http"; }' to type 'ExecutionContext' may be a mistake because neither type sufficiently overlaps with the other. If this was intentional, convert the expression to 'unknown' first.
      The types returned by 'switchToWs()' are incompatible between these types.
        Property 'getPattern' is missing in type '{ getData: () => {}; getClient: () => {}; }' but required in type 'WsArgumentsHost'.

    [7m 28[0m     return {
    [7m   [0m [91m           ~[0m
    [7m 29[0m       switchToHttp: () => ({
    [7m   [0m [91m~~~~~~~~~~~~~~~~~~~~~~~~~~~~[0m
    [7m...[0m 
    [7m 46[0m       getType: () => 'http',
    [7m   [0m [91m~~~~~~~~~~~~~~~~~~~~~~~~~~~~[0m
    [7m 47[0m     } as ExecutionContext;
    [7m   [0m [91m~~~~~~~~~~~~~~~~~~~~~~~~~[0m

      [96mnode_modules/@nestjs/common/interfaces/features/arguments-host.interface.d.ts[0m:[93m35[0m:[93m5[0m
        [7m35[0m     getPattern(): string;
        [7m  [0m [96m    ~~~~~~~~~~~~~~~~~~~~~[0m
        'getPattern' is declared here.

FAIL products/products.service.spec.ts
  ● Test suite failed to run

    [96msrc/products/products.service.spec.ts[0m:[93m14[0m:[93m16[0m - [91merror[0m[90m TS2554: [0mExpected 4 arguments, but got 3.

    [7m14[0m     products = new ProductsService(pricing, events, mediaService);
    [7m  [0m [91m               ~~~~~~~~~~~~~~~~~~~~~~~~~~~~~~~~~~~~~~~~~~~~~~~~~~[0m

      [96msrc/products/products.service.ts[0m:[93m29[0m:[93m5[0m
        [7m29[0m     @InjectRepository(ProductPriceEntity)
        [7m  [0m [96m    ~~~~~~~~~~~~~~~~~~~~~~~~~~~~~~~~~~~~~[0m
        [7m30[0m     private readonly priceHistoryRepo: Repository<ProductPriceEntity>,
        [7m  [0m [96m~~~~~~~~~~~~~~~~~~~~~~~~~~~~~~~~~~~~~~~~~~~~~~~~~~~~~~~~~~~~~~~~~~~~~[0m
        An argument for 'priceHistoryRepo' was not provided.
    [96msrc/products/products.service.spec.ts[0m:[93m27[0m:[93m14[0m - [91merror[0m[90m TS2339: [0mProperty 'basePrice' does not exist on type 'Promise<Product>'.

    [7m27[0m     expect(p.basePrice).toBe('12.34');
    [7m  [0m [91m             ~~~~~~~~~[0m

      [96msrc/products/products.service.spec.ts[0m:[93m27[0m:[93m14[0m
        [7m27[0m     expect(p.basePrice).toBe('12.34');
        [7m  [0m [96m             ~~~~~~~~~[0m
        Did you forget to use 'await'?
    [96msrc/products/products.service.spec.ts[0m:[93m28[0m:[93m14[0m - [91merror[0m[90m TS2339: [0mProperty 'basePriceMinor' does not exist on type 'Promise<Product>'.

    [7m28[0m     expect(p.basePriceMinor).toBe('1234');
    [7m  [0m [91m             ~~~~~~~~~~~~~~[0m

      [96msrc/products/products.service.spec.ts[0m:[93m28[0m:[93m14[0m
        [7m28[0m     expect(p.basePriceMinor).toBe('1234');
        [7m  [0m [96m             ~~~~~~~~~~~~~~[0m
        Did you forget to use 'await'?
    [96msrc/products/products.service.spec.ts[0m:[93m29[0m:[93m14[0m - [91merror[0m[90m TS2339: [0mProperty 'priceHistory' does not exist on type 'Promise<Product>'.

    [7m29[0m     expect(p.priceHistory.length).toBeGreaterThan(0);
    [7m  [0m [91m             ~~~~~~~~~~~~[0m

      [96msrc/products/products.service.spec.ts[0m:[93m29[0m:[93m14[0m
        [7m29[0m     expect(p.priceHistory.length).toBeGreaterThan(0);
        [7m  [0m [96m             ~~~~~~~~~~~~[0m
        Did you forget to use 'await'?
    [96msrc/products/products.service.spec.ts[0m:[93m30[0m:[93m21[0m - [91merror[0m[90m TS2339: [0mProperty 'priceHistory' does not exist on type 'Promise<Product>'.

    [7m30[0m     const entry = p.priceHistory[0];
    [7m  [0m [91m                    ~~~~~~~~~~~~[0m

      [96msrc/products/products.service.spec.ts[0m:[93m30[0m:[93m21[0m
        [7m30[0m     const entry = p.priceHistory[0];
        [7m  [0m [96m                    ~~~~~~~~~~~~[0m
        Did you forget to use 'await'?
    [96msrc/products/products.service.spec.ts[0m:[93m50[0m:[93m44[0m - [91merror[0m[90m TS2339: [0mProperty 'id' does not exist on type 'Promise<Product>'.

    [7m50[0m     const updated = products.updatePrice(p.id, 'seller-1', { basePrice: 15.5, baseCurrency: SupportedCurrency.USD, reason: 'test' });
    [7m  [0m [91m                                           ~~[0m

      [96msrc/products/products.service.spec.ts[0m:[93m50[0m:[93m44[0m
        [7m50[0m     const updated = products.updatePrice(p.id, 'seller-1', { basePrice: 15.5, baseCurrency: SupportedCurrency.USD, reason: 'test' });
        [7m  [0m [96m                                           ~~[0m
        Did you forget to use 'await'?
    [96msrc/products/products.service.spec.ts[0m:[93m52[0m:[93m20[0m - [91merror[0m[90m TS2339: [0mProperty 'price' does not exist on type 'Promise<Product>'.

    [7m52[0m     expect(updated.price).toBe('15.5');
    [7m  [0m [91m                   ~~~~~[0m

      [96msrc/products/products.service.spec.ts[0m:[93m52[0m:[93m20[0m
        [7m52[0m     expect(updated.price).toBe('15.5');
        [7m  [0m [96m                   ~~~~~[0m
        Did you forget to use 'await'?
    [96msrc/products/products.service.spec.ts[0m:[93m53[0m:[93m20[0m - [91merror[0m[90m TS2339: [0mProperty 'priceMinor' does not exist on type 'Promise<Product>'.

    [7m53[0m     expect(updated.priceMinor).toBe(pricing.toMinorUnitsString(15.5, SupportedCurrency.USD));
    [7m  [0m [91m                   ~~~~~~~~~~[0m

      [96msrc/products/products.service.spec.ts[0m:[93m53[0m:[93m20[0m
        [7m53[0m     expect(updated.priceMinor).toBe(pricing.toMinorUnitsString(15.5, SupportedCurrency.USD));
        [7m  [0m [96m                   ~~~~~~~~~~[0m
        Did you forget to use 'await'?
    [96msrc/products/products.service.spec.ts[0m:[93m54[0m:[93m20[0m - [91merror[0m[90m TS2339: [0mProperty 'priceHistory' does not exist on type 'Promise<Product>'.

    [7m54[0m     expect(updated.priceHistory.length).toBe(2);
    [7m  [0m [91m                   ~~~~~~~~~~~~[0m

      [96msrc/products/products.service.spec.ts[0m:[93m54[0m:[93m20[0m
        [7m54[0m     expect(updated.priceHistory.length).toBe(2);
        [7m  [0m [96m                   ~~~~~~~~~~~~[0m
        Did you forget to use 'await'?
    [96msrc/products/products.service.spec.ts[0m:[93m55[0m:[93m26[0m - [91merror[0m[90m TS2339: [0mProperty 'priceHistory' does not exist on type 'Promise<Product>'.

    [7m55[0m     const last = updated.priceHistory[updated.priceHistory.length - 1];
    [7m  [0m [91m                         ~~~~~~~~~~~~[0m

      [96msrc/products/products.service.spec.ts[0m:[93m55[0m:[93m26[0m
        [7m55[0m     const last = updated.priceHistory[updated.priceHistory.length - 1];
        [7m  [0m [96m                         ~~~~~~~~~~~~[0m
        Did you forget to use 'await'?
    [96msrc/products/products.service.spec.ts[0m:[93m55[0m:[93m47[0m - [91merror[0m[90m TS2339: [0mProperty 'priceHistory' does not exist on type 'Promise<Product>'.

    [7m55[0m     const last = updated.priceHistory[updated.priceHistory.length - 1];
    [7m  [0m [91m                                              ~~~~~~~~~~~~[0m

      [96msrc/products/products.service.spec.ts[0m:[93m55[0m:[93m47[0m
        [7m55[0m     const last = updated.priceHistory[updated.priceHistory.length - 1];
        [7m  [0m [96m                                              ~~~~~~~~~~~~[0m
        Did you forget to use 'await'?
    [96msrc/products/products.service.spec.ts[0m:[93m60[0m:[93m44[0m - [91merror[0m[90m TS2339: [0mProperty 'basePrice' does not exist on type 'Promise<Product>'.

    [7m60[0m     expect(payload.basePrice).toBe(updated.basePrice);
    [7m  [0m [91m                                           ~~~~~~~~~[0m

      [96msrc/products/products.service.spec.ts[0m:[93m60[0m:[93m44[0m
        [7m60[0m     expect(payload.basePrice).toBe(updated.basePrice);
        [7m  [0m [96m                                           ~~~~~~~~~[0m
        Did you forget to use 'await'?
    [96msrc/products/products.service.spec.ts[0m:[93m61[0m:[93m49[0m - [91merror[0m[90m TS2339: [0mProperty 'basePriceMinor' does not exist on type 'Promise<Product>'.

    [7m61[0m     expect(payload.basePriceMinor).toBe(updated.basePriceMinor);
    [7m  [0m [91m                                                ~~~~~~~~~~~~~~[0m

      [96msrc/products/products.service.spec.ts[0m:[93m61[0m:[93m49[0m
        [7m61[0m     expect(payload.basePriceMinor).toBe(updated.basePriceMinor);
        [7m  [0m [96m                                                ~~~~~~~~~~~~~~[0m
        Did you forget to use 'await'?

FAIL fraud/tests/fraud.service.spec.ts
  ● Test suite failed to run

    [96msrc/fraud/tests/fraud.service.spec.ts[0m:[93m31[0m:[93m69[0m - [91merror[0m[90m TS2353: [0mObject literal may only specify known properties, and 'i' does not exist in type '{ amount?: number | undefined; orderCount?: number | undefined; duplicateOrderInWindow?: boolean | undefined; knownBadIp?: boolean | undefined; accountAgeDays?: number | undefined; failedPaymentCount?: number | undefined; isFirstOrder?: boolean | undefined; }'.

    [7m31[0m       await evaluateAllRules({ userId: 'u-progressive', metadata: { i } });
    [7m  [0m [91m                                                                    ~[0m

      [96msrc/fraud/score.ts[0m:[93m16[0m:[93m3[0m
        [7m16[0m   metadata?: {
        [7m  [0m [96m  ~~~~~~~~[0m
        The expected type comes from property 'metadata' which is declared here on type 'FraudInput'

FAIL rate-limiting/tests/rate-limit.service.spec.ts (12.799 s)
  ● RateLimitService › should be defined

    TypeError: require(...).mocked is not a function

      29 |     
      30 |     // Get the mocked Redis instance
    > 31 |     mockRedis = require('ioredis').mocked();
         |                                    ^
      32 |     mockRedis.pipeline = jest.fn().mockReturnValue({
      33 |       zremrangebyscore: jest.fn().mockReturnThis(),
      34 |       zcard: jest.fn().mockReturnThis(),

      at Object.<anonymous> (rate-limiting/tests/rate-limit.service.spec.ts:31:36)

  ● RateLimitService › checkRateLimit › should allow request when under limit

    TypeError: require(...).mocked is not a function

      29 |     
      30 |     // Get the mocked Redis instance
    > 31 |     mockRedis = require('ioredis').mocked();
         |                                    ^
      32 |     mockRedis.pipeline = jest.fn().mockReturnValue({
      33 |       zremrangebyscore: jest.fn().mockReturnThis(),
      34 |       zcard: jest.fn().mockReturnThis(),

      at Object.<anonymous> (rate-limiting/tests/rate-limit.service.spec.ts:31:36)

  ● RateLimitService › checkRateLimit › should block request when over limit

    TypeError: require(...).mocked is not a function

      29 |     
      30 |     // Get the mocked Redis instance
    > 31 |     mockRedis = require('ioredis').mocked();
         |                                    ^
      32 |     mockRedis.pipeline = jest.fn().mockReturnValue({
      33 |       zremrangebyscore: jest.fn().mockReturnThis(),
      34 |       zcard: jest.fn().mockReturnThis(),

      at Object.<anonymous> (rate-limiting/tests/rate-limit.service.spec.ts:31:36)

  ● RateLimitService › checkRateLimit › should apply different limits for different tiers

    TypeError: require(...).mocked is not a function

      29 |     
      30 |     // Get the mocked Redis instance
    > 31 |     mockRedis = require('ioredis').mocked();
         |                                    ^
      32 |     mockRedis.pipeline = jest.fn().mockReturnValue({
      33 |       zremrangebyscore: jest.fn().mockReturnThis(),
      34 |       zcard: jest.fn().mockReturnThis(),

      at Object.<anonymous> (rate-limiting/tests/rate-limit.service.spec.ts:31:36)

  ● RateLimitService › checkRateLimit › should apply endpoint-specific limits

    TypeError: require(...).mocked is not a function

      29 |     
      30 |     // Get the mocked Redis instance
    > 31 |     mockRedis = require('ioredis').mocked();
         |                                    ^
      32 |     mockRedis.pipeline = jest.fn().mockReturnValue({
      33 |       zremrangebyscore: jest.fn().mockReturnThis(),
      34 |       zcard: jest.fn().mockReturnThis(),

      at Object.<anonymous> (rate-limiting/tests/rate-limit.service.spec.ts:31:36)

  ● RateLimitService › checkRateLimit › should fail open when Redis is unavailable

    TypeError: require(...).mocked is not a function

      29 |     
      30 |     // Get the mocked Redis instance
    > 31 |     mockRedis = require('ioredis').mocked();
         |                                    ^
      32 |     mockRedis.pipeline = jest.fn().mockReturnValue({
      33 |       zremrangebyscore: jest.fn().mockReturnThis(),
      34 |       zcard: jest.fn().mockReturnThis(),

      at Object.<anonymous> (rate-limiting/tests/rate-limit.service.spec.ts:31:36)

  ● RateLimitService › resetRateLimit › should reset rate limit for identifier

    TypeError: require(...).mocked is not a function

      29 |     
      30 |     // Get the mocked Redis instance
    > 31 |     mockRedis = require('ioredis').mocked();
         |                                    ^
      32 |     mockRedis.pipeline = jest.fn().mockReturnValue({
      33 |       zremrangebyscore: jest.fn().mockReturnThis(),
      34 |       zcard: jest.fn().mockReturnThis(),

      at Object.<anonymous> (rate-limiting/tests/rate-limit.service.spec.ts:31:36)

  ● RateLimitService › resetRateLimit › should reset rate limit for identifier and endpoint

    TypeError: require(...).mocked is not a function

      29 |     
      30 |     // Get the mocked Redis instance
    > 31 |     mockRedis = require('ioredis').mocked();
         |                                    ^
      32 |     mockRedis.pipeline = jest.fn().mockReturnValue({
      33 |       zremrangebyscore: jest.fn().mockReturnThis(),
      34 |       zcard: jest.fn().mockReturnThis(),

      at Object.<anonymous> (rate-limiting/tests/rate-limit.service.spec.ts:31:36)

  ● RateLimitService › getRateLimitStatus › should return current status

    TypeError: require(...).mocked is not a function

      29 |     
      30 |     // Get the mocked Redis instance
    > 31 |     mockRedis = require('ioredis').mocked();
         |                                    ^
      32 |     mockRedis.pipeline = jest.fn().mockReturnValue({
      33 |       zremrangebyscore: jest.fn().mockReturnThis(),
      34 |       zcard: jest.fn().mockReturnThis(),

      at Object.<anonymous> (rate-limiting/tests/rate-limit.service.spec.ts:31:36)

  ● RateLimitService › updateTierConfig › should update tier configuration

    TypeError: require(...).mocked is not a function

      29 |     
      30 |     // Get the mocked Redis instance
    > 31 |     mockRedis = require('ioredis').mocked();
         |                                    ^
      32 |     mockRedis.pipeline = jest.fn().mockReturnValue({
      33 |       zremrangebyscore: jest.fn().mockReturnThis(),
      34 |       zcard: jest.fn().mockReturnThis(),

      at Object.<anonymous> (rate-limiting/tests/rate-limit.service.spec.ts:31:36)

  ● RateLimitService › updateEndpointConfig › should update endpoint configuration

    TypeError: require(...).mocked is not a function

      29 |     
      30 |     // Get the mocked Redis instance
    > 31 |     mockRedis = require('ioredis').mocked();
         |                                    ^
      32 |     mockRedis.pipeline = jest.fn().mockReturnValue({
      33 |       zremrangebyscore: jest.fn().mockReturnThis(),
      34 |       zcard: jest.fn().mockReturnThis(),

      at Object.<anonymous> (rate-limiting/tests/rate-limit.service.spec.ts:31:36)

  ● RateLimitService › getAnalytics › should return analytics data

    TypeError: require(...).mocked is not a function

      29 |     
      30 |     // Get the mocked Redis instance
    > 31 |     mockRedis = require('ioredis').mocked();
         |                                    ^
      32 |     mockRedis.pipeline = jest.fn().mockReturnValue({
      33 |       zremrangebyscore: jest.fn().mockReturnThis(),
      34 |       zcard: jest.fn().mockReturnThis(),

      at Object.<anonymous> (rate-limiting/tests/rate-limit.service.spec.ts:31:36)

FAIL notifications/tests/notifications.controller.spec.ts
  ● Test suite failed to run

    Cannot find module 'src/users/users.entity' from 'notifications/notification.entity.ts'

    Require stack:
      notifications/notification.entity.ts
      notifications/notifications.service.ts
      notifications/notifications.controller.ts
      notifications/tests/notifications.controller.spec.ts

      10 | } from 'typeorm';
      11 | import { ApiProperty } from '@nestjs/swagger';
    > 12 | import { Users } from 'src/users/users.entity';
         | ^
      13 |
      14 | export enum NotificationType {
      15 |   TRANSACTION_RECEIVED = 'transaction_received',

      at Resolver._throwModNotFoundError (../node_modules/jest-resolve/build/resolver.js:427:11)
      at Object.<anonymous> (notifications/notification.entity.ts:12:1)
      at Object.<anonymous> (notifications/notifications.service.ts:13:1)
      at Object.<anonymous> (notifications/notifications.controller.ts:24:1)
      at Object.<anonymous> (notifications/tests/notifications.controller.spec.ts:2:1)

FAIL ./app.controller.spec.ts
  ● Test suite failed to run

    [96msrc/app.controller.spec.ts[0m:[93m19[0m:[93m28[0m - [91merror[0m[90m TS2554: [0mExpected 1-2 arguments, but got 0.

    [7m19[0m       expect(appController.getHello()).toBe('Hello World!');
    [7m  [0m [91m                           ~~~~~~~~[0m

      [96msrc/app.controller.ts[0m:[93m15[0m:[93m5[0m
        [7m15[0m     @Req() req: Request,
        [7m  [0m [96m    ~~~~~~~~~~~~~~~~~~~[0m
        An argument for 'req' was not provided.

FAIL orders/orders.service.spec.ts
  ● Test suite failed to run

    Cannot find module 'src/users/users.entity' from 'notifications/notification.entity.ts'

    Require stack:
      notifications/notification.entity.ts
      notifications/notifications.service.ts
      inventory/inventory.service.ts
      orders/orders.service.ts
      orders/orders.service.spec.ts

      10 | } from 'typeorm';
      11 | import { ApiProperty } from '@nestjs/swagger';
    > 12 | import { Users } from 'src/users/users.entity';
         | ^
      13 |
      14 | export enum NotificationType {
      15 |   TRANSACTION_RECEIVED = 'transaction_received',

      at Resolver._throwModNotFoundError (../node_modules/jest-resolve/build/resolver.js:427:11)
      at Object.<anonymous> (notifications/notification.entity.ts:12:1)
      at Object.<anonymous> (notifications/notifications.service.ts:13:1)
      at Object.<anonymous> (inventory/inventory.service.ts:16:1)
      at Object.<anonymous> (orders/orders.service.ts:23:1)
      at Object.<anonymous> (orders/orders.service.spec.ts:2:1)

FAIL favorites/favorites.controller.spec.ts
  ● FavoritesController › favoriteListing › should favorite a listing successfully

    expect(jest.fn()).toHaveBeenCalledWith(...expected)

    Expected: 1, 1
    Received: 1, "1"

    Number of calls: 1

      36 |       const result = await controller.favoriteListing('1', mockRequest);
      37 |
    > 38 |       expect(favoritesService.favoriteListing).toHaveBeenCalledWith(1, 1);
         |                                                ^
      39 |       expect(result).toEqual({ message: 'Listing added to favorites successfully' });
      40 |     });
      41 |   });

      at Object.<anonymous> (favorites/favorites.controller.spec.ts:38:48)

  ● FavoritesController › unfavoriteListing › should unfavorite a listing successfully

    expect(jest.fn()).toHaveBeenCalledWith(...expected)

    Expected: 1, 1
    Received: 1, "1"

    Number of calls: 1

      47 |       const result = await controller.unfavoriteListing('1', mockRequest);
      48 |
    > 49 |       expect(favoritesService.unfavoriteListing).toHaveBeenCalledWith(1, 1);
         |                                                  ^
      50 |       expect(result).toEqual({ message: 'Listing removed from favorites successfully' });
      51 |     });
      52 |   });

      at Object.<anonymous> (favorites/favorites.controller.spec.ts:49:50)

FAIL listing/listing.service.spec.ts
  ● ListingsService › should be defined

    Nest can't resolve dependencies of the ListingsService (?, ConfigService). Please make sure that the argument "ListingRepository" at index [0] is available in the RootTestModule module.

    Potential solutions:
    - Is RootTestModule a valid NestJS module?
    - If "ListingRepository" is a provider, is it part of the current RootTestModule?
    - If "ListingRepository" is exported from a separate @Module, is that module imported within RootTestModule?
      @Module({
        imports: [ /* the Module containing "ListingRepository" */ ]
      })

    For more common dependency resolution issues, see: https://docs.nestjs.com/faq/common-errors

      10 |
      11 |   beforeEach(async () => {
    > 12 |     const module: TestingModule = await Test.createTestingModule({
         |                                   ^
      13 |       providers: [ListingsService],
      14 |     }).compile();
      15 |

      at TestingInjector.lookupComponentInParentModules (../node_modules/@nestjs/core/injector/injector.js:290:19)
      at TestingInjector.resolveComponentWrapper (../node_modules/@nestjs/testing/testing-injector.js:19:45)
      at resolveParam (../node_modules/@nestjs/core/injector/injector.js:140:38)
          at async Promise.all (index 0)
      at TestingInjector.resolveConstructorParams (../node_modules/@nestjs/core/injector/injector.js:169:27)
      at TestingInjector.loadInstance (../node_modules/@nestjs/core/injector/injector.js:75:13)
      at TestingInjector.loadProvider (../node_modules/@nestjs/core/injector/injector.js:103:9)
      at ../node_modules/@nestjs/core/injector/instance-loader.js:56:13
          at async Promise.all (index 3)
      at TestingInstanceLoader.createInstancesOfProviders (../node_modules/@nestjs/core/injector/instance-loader.js:55:9)
      at ../node_modules/@nestjs/core/injector/instance-loader.js:40:13
          at async Promise.all (index 1)
      at TestingInstanceLoader.createInstances (../node_modules/@nestjs/core/injector/instance-loader.js:39:9)
      at TestingInstanceLoader.createInstancesOfDependencies (../node_modules/@nestjs/core/injector/instance-loader.js:22:13)
      at TestingInstanceLoader.createInstancesOfDependencies (../node_modules/@nestjs/testing/testing-instance-loader.js:9:9)
      at TestingModuleBuilder.createInstancesOfDependencies (../node_modules/@nestjs/testing/testing-module.builder.js:118:9)
      at TestingModuleBuilder.compile (../node_modules/@nestjs/testing/testing-module.builder.js:74:9)
      at Object.<anonymous> (listing/listing.service.spec.ts:12:35)

FAIL payments/payments.service.spec.ts (13.455 s)
  ● PaymentsService › initiatePayment › should create a pending payment for a valid order

    expect(received).toEqual(expected) // deep equality

    - Expected  - 2
    + Received  + 3

      Object {
        "amount": 100,
    -   "confirmationCount": 0,
    +   "confirmationCount": undefined,
        "confirmedAt": undefined,
        "createdAt": undefined,
        "currency": "XLM",
        "destinationWalletAddress": "GBUQWP3BOUZX34ULNQG23RQ6F5DOBAB4NSTZDVSXTVWDNXMhtqc6VPM7",
    -   "expiresAt": undefined,
    +   "expiresAt": 2026-03-21T21:10:03.257Z,
        "id": "payment-123",
        "orderId": "order-123",
        "sourceWalletAddress": undefined,
        "status": "pending",
    +   "stellarTransactionId": undefined,
      }

      124 |       });
      125 |
    > 126 |       expect(result).toEqual({
          |                      ^
      127 |         id: 'payment-123',
      128 |         orderId: testOrderId,
      129 |         amount: 100,

      at Object.<anonymous> (payments/payments.service.spec.ts:126:22)

  ● PaymentsService › handlePaymentTimeout › should mark payment as timeout

    TypeError: Cannot read properties of undefined (reading 'toString')

      345 |       id: payment.id,
      346 |       orderId: payment.orderId,
    > 347 |       amount: parseFloat(payment.amount.toString()),
          |                                         ^
      348 |       currency: payment.currency,
      349 |       status: payment.status,
      350 |       stellarTransactionId: payment.stellarTransactionId,

      at PaymentsService.mapToResponseDto (payments/payments.service.ts:347:41)
      at PaymentsService.handlePaymentTimeout (payments/payments.service.ts:232:17)
      at Object.<anonymous> (payments/payments.service.spec.ts:375:22)

FAIL webhooks/webhooks.service.spec.ts
  ● WebhooksService › should be defined

    Nest can't resolve dependencies of the WebhooksService (?, HttpService, ConfigService). Please make sure that the argument "WebhookRepository" at index [0] is available in the RootTestModule module.

    Potential solutions:
    - Is RootTestModule a valid NestJS module?
    - If "WebhookRepository" is a provider, is it part of the current RootTestModule?
    - If "WebhookRepository" is exported from a separate @Module, is that module imported within RootTestModule?
      @Module({
        imports: [ /* the Module containing "WebhookRepository" */ ]
      })

    For more common dependency resolution issues, see: https://docs.nestjs.com/faq/common-errors

       6 |
       7 |   beforeEach(async () => {
    >  8 |     const module: TestingModule = await Test.createTestingModule({
         |                                   ^
       9 |       providers: [WebhooksService],
      10 |     }).compile();
      11 |

      at TestingInjector.lookupComponentInParentModules (../node_modules/@nestjs/core/injector/injector.js:290:19)
      at TestingInjector.resolveComponentWrapper (../node_modules/@nestjs/testing/testing-injector.js:19:45)
      at resolveParam (../node_modules/@nestjs/core/injector/injector.js:140:38)
          at async Promise.all (index 0)
      at TestingInjector.resolveConstructorParams (../node_modules/@nestjs/core/injector/injector.js:169:27)
      at TestingInjector.loadInstance (../node_modules/@nestjs/core/injector/injector.js:75:13)
      at TestingInjector.loadProvider (../node_modules/@nestjs/core/injector/injector.js:103:9)
      at ../node_modules/@nestjs/core/injector/instance-loader.js:56:13
          at async Promise.all (index 3)
      at TestingInstanceLoader.createInstancesOfProviders (../node_modules/@nestjs/core/injector/instance-loader.js:55:9)
      at ../node_modules/@nestjs/core/injector/instance-loader.js:40:13
          at async Promise.all (index 1)
      at TestingInstanceLoader.createInstances (../node_modules/@nestjs/core/injector/instance-loader.js:39:9)
      at TestingInstanceLoader.createInstancesOfDependencies (../node_modules/@nestjs/core/injector/instance-loader.js:22:13)
      at TestingInstanceLoader.createInstancesOfDependencies (../node_modules/@nestjs/testing/testing-instance-loader.js:9:9)
      at TestingModuleBuilder.createInstancesOfDependencies (../node_modules/@nestjs/testing/testing-module.builder.js:118:9)
      at TestingModuleBuilder.compile (../node_modules/@nestjs/testing/testing-module.builder.js:74:9)
      at Object.<anonymous> (webhooks/webhooks.service.spec.ts:8:35)

FAIL market-place/market-place.controller.spec.ts
  ● MarketPlaceController › should be defined

    Nest can't resolve dependencies of the MarketPlaceController (MarketPlaceService, ?). Please make sure that the argument ListingsService at index [1] is available in the RootTestModule module.

    Potential solutions:
    - Is RootTestModule a valid NestJS module?
    - If ListingsService is a provider, is it part of the current RootTestModule?
    - If ListingsService is exported from a separate @Module, is that module imported within RootTestModule?
      @Module({
        imports: [ /* the Module containing ListingsService */ ]
      })

    For more common dependency resolution issues, see: https://docs.nestjs.com/faq/common-errors

       7 |
       8 |   beforeEach(async () => {
    >  9 |     const module: TestingModule = await Test.createTestingModule({
         |                                   ^
      10 |       controllers: [MarketPlaceController],
      11 |       providers: [MarketPlaceService],
      12 |     }).compile();

      at TestingInjector.lookupComponentInParentModules (../node_modules/@nestjs/core/injector/injector.js:290:19)
      at TestingInjector.resolveComponentWrapper (../node_modules/@nestjs/testing/testing-injector.js:19:45)
      at resolveParam (../node_modules/@nestjs/core/injector/injector.js:140:38)
          at async Promise.all (index 1)
      at TestingInjector.resolveConstructorParams (../node_modules/@nestjs/core/injector/injector.js:169:27)
      at TestingInjector.loadInstance (../node_modules/@nestjs/core/injector/injector.js:75:13)
      at TestingInjector.loadController (../node_modules/@nestjs/core/injector/injector.js:94:9)
      at ../node_modules/@nestjs/core/injector/instance-loader.js:68:13
          at async Promise.all (index 0)
      at TestingInstanceLoader.createInstancesOfControllers (../node_modules/@nestjs/core/injector/instance-loader.js:67:9)
      at ../node_modules/@nestjs/core/injector/instance-loader.js:42:13
          at async Promise.all (index 1)
      at TestingInstanceLoader.createInstances (../node_modules/@nestjs/core/injector/instance-loader.js:39:9)
      at TestingInstanceLoader.createInstancesOfDependencies (../node_modules/@nestjs/core/injector/instance-loader.js:22:13)
      at TestingInstanceLoader.createInstancesOfDependencies (../node_modules/@nestjs/testing/testing-instance-loader.js:9:9)
      at TestingModuleBuilder.createInstancesOfDependencies (../node_modules/@nestjs/testing/testing-module.builder.js:118:9)
      at TestingModuleBuilder.compile (../node_modules/@nestjs/testing/testing-module.builder.js:74:9)
      at Object.<anonymous> (market-place/market-place.controller.spec.ts:9:35)

FAIL wallet/wallet.controller.spec.ts
  ● WalletController › should be defined

    Nest can't resolve dependencies of the WalletService (?, ConfigService, WalletKeyAuditRepository). Please make sure that the argument "WalletRepository" at index [0] is available in the RootTestModule module.

    Potential solutions:
    - Is RootTestModule a valid NestJS module?
    - If "WalletRepository" is a provider, is it part of the current RootTestModule?
    - If "WalletRepository" is exported from a separate @Module, is that module imported within RootTestModule?
      @Module({
        imports: [ /* the Module containing "WalletRepository" */ ]
      })

    For more common dependency resolution issues, see: https://docs.nestjs.com/faq/common-errors

       7 |
       8 |   beforeEach(async () => {
    >  9 |     const module: TestingModule = await Test.createTestingModule({
         |                                   ^
      10 |       controllers: [WalletController],
      11 |       providers: [WalletService],
      12 |     }).compile();

      at TestingInjector.lookupComponentInParentModules (../node_modules/@nestjs/core/injector/injector.js:290:19)
      at TestingInjector.resolveComponentWrapper (../node_modules/@nestjs/testing/testing-injector.js:19:45)
      at resolveParam (../node_modules/@nestjs/core/injector/injector.js:140:38)
          at async Promise.all (index 0)
      at TestingInjector.resolveConstructorParams (../node_modules/@nestjs/core/injector/injector.js:169:27)
      at TestingInjector.loadInstance (../node_modules/@nestjs/core/injector/injector.js:75:13)
      at TestingInjector.loadProvider (../node_modules/@nestjs/core/injector/injector.js:103:9)
      at ../node_modules/@nestjs/core/injector/instance-loader.js:56:13
          at async Promise.all (index 3)
      at TestingInstanceLoader.createInstancesOfProviders (../node_modules/@nestjs/core/injector/instance-loader.js:55:9)
      at ../node_modules/@nestjs/core/injector/instance-loader.js:40:13
          at async Promise.all (index 1)
      at TestingInstanceLoader.createInstances (../node_modules/@nestjs/core/injector/instance-loader.js:39:9)
      at TestingInstanceLoader.createInstancesOfDependencies (../node_modules/@nestjs/core/injector/instance-loader.js:22:13)
      at TestingInstanceLoader.createInstancesOfDependencies (../node_modules/@nestjs/testing/testing-instance-loader.js:9:9)
      at TestingModuleBuilder.createInstancesOfDependencies (../node_modules/@nestjs/testing/testing-module.builder.js:118:9)
      at TestingModuleBuilder.compile (../node_modules/@nestjs/testing/testing-module.builder.js:74:9)
      at Object.<anonymous> (wallet/wallet.controller.spec.ts:9:35)

FAIL wallet/wallet.service.spec.ts
  ● WalletService › should be defined

    Nest can't resolve dependencies of the WalletService (?, ConfigService, WalletKeyAuditRepository). Please make sure that the argument "WalletRepository" at index [0] is available in the RootTestModule module.

    Potential solutions:
    - Is RootTestModule a valid NestJS module?
    - If "WalletRepository" is a provider, is it part of the current RootTestModule?
    - If "WalletRepository" is exported from a separate @Module, is that module imported within RootTestModule?
      @Module({
        imports: [ /* the Module containing "WalletRepository" */ ]
      })

    For more common dependency resolution issues, see: https://docs.nestjs.com/faq/common-errors

       6 |
       7 |   beforeEach(async () => {
    >  8 |     const module: TestingModule = await Test.createTestingModule({
         |                                   ^
       9 |       providers: [WalletService],
      10 |     }).compile();
      11 |

      at TestingInjector.lookupComponentInParentModules (../node_modules/@nestjs/core/injector/injector.js:290:19)
      at TestingInjector.resolveComponentWrapper (../node_modules/@nestjs/testing/testing-injector.js:19:45)
      at resolveParam (../node_modules/@nestjs/core/injector/injector.js:140:38)
          at async Promise.all (index 0)
      at TestingInjector.resolveConstructorParams (../node_modules/@nestjs/core/injector/injector.js:169:27)
      at TestingInjector.loadInstance (../node_modules/@nestjs/core/injector/injector.js:75:13)
      at TestingInjector.loadProvider (../node_modules/@nestjs/core/injector/injector.js:103:9)
      at ../node_modules/@nestjs/core/injector/instance-loader.js:56:13
          at async Promise.all (index 3)
      at TestingInstanceLoader.createInstancesOfProviders (../node_modules/@nestjs/core/injector/instance-loader.js:55:9)
      at ../node_modules/@nestjs/core/injector/instance-loader.js:40:13
          at async Promise.all (index 1)
      at TestingInstanceLoader.createInstances (../node_modules/@nestjs/core/injector/instance-loader.js:39:9)
      at TestingInstanceLoader.createInstancesOfDependencies (../node_modules/@nestjs/core/injector/instance-loader.js:22:13)
      at TestingInstanceLoader.createInstancesOfDependencies (../node_modules/@nestjs/testing/testing-instance-loader.js:9:9)
      at TestingModuleBuilder.createInstancesOfDependencies (../node_modules/@nestjs/testing/testing-module.builder.js:118:9)
      at TestingModuleBuilder.compile (../node_modules/@nestjs/testing/testing-module.builder.js:74:9)
      at Object.<anonymous> (wallet/wallet.service.spec.ts:8:35)

FAIL webhooks/webhooks.controller.spec.ts
  ● WebhooksController › should be defined

    Nest can't resolve dependencies of the WebhooksService (?, HttpService, ConfigService). Please make sure that the argument "WebhookRepository" at index [0] is available in the RootTestModule module.

    Potential solutions:
    - Is RootTestModule a valid NestJS module?
    - If "WebhookRepository" is a provider, is it part of the current RootTestModule?
    - If "WebhookRepository" is exported from a separate @Module, is that module imported within RootTestModule?
      @Module({
        imports: [ /* the Module containing "WebhookRepository" */ ]
      })

    For more common dependency resolution issues, see: https://docs.nestjs.com/faq/common-errors

       7 |
       8 |   beforeEach(async () => {
    >  9 |     const module: TestingModule = await Test.createTestingModule({
         |                                   ^
      10 |       controllers: [WebhooksController],
      11 |       providers: [WebhooksService],
      12 |     }).compile();

      at TestingInjector.lookupComponentInParentModules (../node_modules/@nestjs/core/injector/injector.js:290:19)
      at TestingInjector.resolveComponentWrapper (../node_modules/@nestjs/testing/testing-injector.js:19:45)
      at resolveParam (../node_modules/@nestjs/core/injector/injector.js:140:38)
          at async Promise.all (index 0)
      at TestingInjector.resolveConstructorParams (../node_modules/@nestjs/core/injector/injector.js:169:27)
      at TestingInjector.loadInstance (../node_modules/@nestjs/core/injector/injector.js:75:13)
      at TestingInjector.loadProvider (../node_modules/@nestjs/core/injector/injector.js:103:9)
      at ../node_modules/@nestjs/core/injector/instance-loader.js:56:13
          at async Promise.all (index 3)
      at TestingInstanceLoader.createInstancesOfProviders (../node_modules/@nestjs/core/injector/instance-loader.js:55:9)
      at ../node_modules/@nestjs/core/injector/instance-loader.js:40:13
          at async Promise.all (index 1)
      at TestingInstanceLoader.createInstances (../node_modules/@nestjs/core/injector/instance-loader.js:39:9)
      at TestingInstanceLoader.createInstancesOfDependencies (../node_modules/@nestjs/core/injector/instance-loader.js:22:13)
      at TestingInstanceLoader.createInstancesOfDependencies (../node_modules/@nestjs/testing/testing-instance-loader.js:9:9)
      at TestingModuleBuilder.createInstancesOfDependencies (../node_modules/@nestjs/testing/testing-module.builder.js:118:9)
      at TestingModuleBuilder.compile (../node_modules/@nestjs/testing/testing-module.builder.js:74:9)
      at Object.<anonymous> (webhooks/webhooks.controller.spec.ts:9:35)

FAIL listing/listing.controller.spec.ts
  ● ListingsController › should be defined

    Nest can't resolve dependencies of the ListingsService (?, ConfigService). Please make sure that the argument "ListingRepository" at index [0] is available in the RootTestModule module.

    Potential solutions:
    - Is RootTestModule a valid NestJS module?
    - If "ListingRepository" is a provider, is it part of the current RootTestModule?
    - If "ListingRepository" is exported from a separate @Module, is that module imported within RootTestModule?
      @Module({
        imports: [ /* the Module containing "ListingRepository" */ ]
      })

    For more common dependency resolution issues, see: https://docs.nestjs.com/faq/common-errors

       7 |
       8 |   beforeEach(async () => {
    >  9 |     const module: TestingModule = await Test.createTestingModule({
         |                                   ^
      10 |       controllers: [ListingsController],
      11 |       providers: [ListingsService],
      12 |     }).compile();

      at TestingInjector.lookupComponentInParentModules (../node_modules/@nestjs/core/injector/injector.js:290:19)
      at TestingInjector.resolveComponentWrapper (../node_modules/@nestjs/testing/testing-injector.js:19:45)
      at resolveParam (../node_modules/@nestjs/core/injector/injector.js:140:38)
          at async Promise.all (index 0)
      at TestingInjector.resolveConstructorParams (../node_modules/@nestjs/core/injector/injector.js:169:27)
      at TestingInjector.loadInstance (../node_modules/@nestjs/core/injector/injector.js:75:13)
      at TestingInjector.loadProvider (../node_modules/@nestjs/core/injector/injector.js:103:9)
      at ../node_modules/@nestjs/core/injector/instance-loader.js:56:13
          at async Promise.all (index 3)
      at TestingInstanceLoader.createInstancesOfProviders (../node_modules/@nestjs/core/injector/instance-loader.js:55:9)
      at ../node_modules/@nestjs/core/injector/instance-loader.js:40:13
          at async Promise.all (index 1)
      at TestingInstanceLoader.createInstances (../node_modules/@nestjs/core/injector/instance-loader.js:39:9)
      at TestingInstanceLoader.createInstancesOfDependencies (../node_modules/@nestjs/core/injector/instance-loader.js:22:13)
      at TestingInstanceLoader.createInstancesOfDependencies (../node_modules/@nestjs/testing/testing-instance-loader.js:9:9)
      at TestingModuleBuilder.createInstancesOfDependencies (../node_modules/@nestjs/testing/testing-module.builder.js:118:9)
      at TestingModuleBuilder.compile (../node_modules/@nestjs/testing/testing-module.builder.js:74:9)
      at Object.<anonymous> (listing/listing.controller.spec.ts:9:35)


Test Suites: 20 failed, 13 passed, 33 total
Tests:       23 failed, 163 passed, 186 total
Snapshots:   0 total
Time:        16.492 s
Ran all test suites.
